Component: ARM Compiler 5.06 update 1 (build 61) Tool: armlink [4d35a8]

==============================================================================

Section Cross References

    text.o(.text) refers to lcd.o(.text) for SetCrystal
    text.o(.text) refers to systick.o(.text) for SysTickDelay
    text.o(.text) refers to strlen.o(.text) for strlen
    text.o(.text) refers to lcd.o(.data) for CurrentMethod
    text.o(.text) refers to text.o(.data) for CurrentFont
    gl.o(.text) refers to lcd.o(.text) for SetCrystal
    gl.o(.text) refers to lcd.o(.data) for CurrentMethod
    joystick.o(.text) refers to joystick.o(.constdata) for KeyMasks
    lcd.o(.text) refers to lcd.o(.data) for CurrentCrystal
    lcd.o(.text) refers to lcd.o(.constdata) for CrystalPorts
    leds.o(.text) refers to leds.o(.data) for CurrentLights
    menu.o(.text) refers to text.o(.text) for LCD_PUTS
    menu.o(.text) refers to strlen.o(.text) for strlen
    menu.o(.text) refers to gl.o(.text) for LCD_Line
    menu.o(.text) refers to lcd.o(.text) for LCD_CLS
    menu.o(.text) refers to joystick.o(.text) for GetKey
    menu.o(.text) refers to text.o(.data) for CurrentFont
    menu.o(.text) refers to lcd.o(.data) for CurrentMethod
    menu.o(.text) refers to menu.o(.data) for psCurrentMenu
    menu.o(.text) refers to menu.o(.bss) for psPrevMenu
    menu.o(.text) refers to font_6x8.o(.data) for Font_6x8
    menu.o(.data) refers to menu.o(.conststring) for .conststring
    menu.o(.data) refers to menu_text.o(.text) for FontFunc
    menu.o(.data) refers to menu.o(.text) for ReturnFunc
    menu.o(.data) refers to menu_gl.o(.text) for EmblemFunc
    menu.o(.data) refers to menu_leds.o(.text) for LightsOnFunc
    menu.o(.data) refers to test.o(.text) for PADINIT
    menu.o(.data) refers to uart.o(.text) for InitUART
    menu.o(.data) refers to timer.o(.text) for InitPWM
    menu.o(.data) refers to analog.o(.text) for InitDAC
    menu_gl.o(.text) refers to gl.o(.text) for LCD_Line
    menu_gl.o(.text) refers to lcd.o(.text) for LCD_CLS
    menu_gl.o(.text) refers to menu.o(.text) for DisplayMenuTitle
    menu_gl.o(.text) refers to joystick.o(.text) for GetKey
    menu_gl.o(.text) refers to text.o(.text) for LCD_PUTC
    menu_gl.o(.text) refers to systick.o(.text) for SysTickDelay
    menu_gl.o(.text) refers to lcd.o(.data) for CurrentMethod
    menu_gl.o(.text) refers to text.o(.data) for CurrentFont
    menu_gl.o(.text) refers to menu_gl.o(.data) for Mil_Data
    menu_gl.o(.text) refers to font_7x10_bold.o(.data) for Font_7x10_bold
    menu_gl.o(.text) refers to menu_gl.o(.constdata) for STR
    menu_leds.o(.text) refers to lcd.o(.text) for LCD_CLS
    menu_leds.o(.text) refers to text.o(.text) for LCD_PUTS
    menu_leds.o(.text) refers to joystick.o(.text) for GetKey
    menu_leds.o(.text) refers to leds.o(.text) for ShiftLights
    menu_leds.o(.text) refers to menu.o(.text) for DisplayMenu
    menu_leds.o(.text) refers to lcd.o(.data) for CurrentMethod
    menu_leds.o(.text) refers to font_6x8.o(.data) for Font_6x8
    menu_leds.o(.text) refers to text.o(.data) for CurrentFont
    menu_leds.o(.text) refers to leds.o(.data) for CurrentLights
    menu_text.o(.text) refers to lcd.o(.text) for LCD_CLS
    menu_text.o(.text) refers to menu.o(.text) for DisplayMenuTitle
    menu_text.o(.text) refers to joystick.o(.text) for GetKey
    menu_text.o(.text) refers to text.o(.text) for LCD_PUTS
    menu_text.o(.text) refers to text.o(.data) for CurrentFont
    menu_text.o(.text) refers to lcd.o(.data) for CurrentMethod
    menu_text.o(.text) refers to font_6x8.o(.data) for Font_6x8
    menu_text.o(.text) refers to font_12x16.o(.data) for Font_12x16
    menu_text.o(.text) refers to font_7x10_thin.o(.data) for Font_7x10_thin
    menu_text.o(.text) refers to font_7x10_bold.o(.data) for Font_7x10_bold
    menu_text.o(.text) refers to menu_text.o(.data) for Book
    systick.o(.text) refers to systick.o(.data) for TimerCounter
    startup_mps.o(STACK) refers (Special) to heapauxi.o(.text) for __use_two_region_memory
    startup_mps.o(HEAP) refers (Special) to heapauxi.o(.text) for __use_two_region_memory
    startup_mps.o(RESET) refers (Special) to heapauxi.o(.text) for __use_two_region_memory
    startup_mps.o(RESET) refers to startup_mps.o(STACK) for __initial_sp
    startup_mps.o(RESET) refers to startup_mps.o(.text) for Reset_Handler
    startup_mps.o(RESET) refers to systick.o(.text) for SysTick_Handler
    startup_mps.o(.text) refers (Special) to heapauxi.o(.text) for __use_two_region_memory
    startup_mps.o(.text) refers to __main.o(!!!main) for __main
    startup_mps.o(.text) refers to startup_mps.o(HEAP) for Heap_Mem
    startup_mps.o(.text) refers to startup_mps.o(STACK) for Stack_Mem
    analog.o(.text) refers to lcd.o(.text) for LCD_CLS
    analog.o(.text) refers to joystick.o(.text) for GetKey
    analog.o(.text) refers to menu.o(.text) for DisplayMenuTitle
    analog.o(.text) refers to text.o(.text) for LCD_PUTSL
    analog.o(.text) refers to text.o(.data) for CurrentFont
    analog.o(.text) refers to lcd.o(.data) for CurrentMethod
    uart.o(.text) refers to lcd.o(.text) for LCD_CLS
    uart.o(.text) refers to joystick.o(.text) for GetKey
    uart.o(.text) refers to menu.o(.text) for DisplayMenuTitle
    uart.o(.text) refers to text.o(.text) for LCD_PUTC
    uart.o(.text) refers to text.o(.data) for CurrentFont
    uart.o(.text) refers to lcd.o(.data) for CurrentMethod
    test.o(.text) refers to lcd.o(.text) for LCD_CLS
    test.o(.text) refers to joystick.o(.text) for GetKey
    test.o(.text) refers to menu.o(.text) for DisplayMenuTitle
    test.o(.text) refers to text.o(.text) for LCD_PUTSL
    test.o(.text) refers to text.o(.data) for CurrentFont
    test.o(.text) refers to lcd.o(.data) for CurrentMethod
    timer.o(.text) refers to lcd.o(.text) for LCD_CLS
    timer.o(.text) refers to joystick.o(.text) for GetKey
    timer.o(.text) refers to menu.o(.text) for DisplayMenuTitle
    timer.o(.text) refers to text.o(.text) for LCD_PUTSL
    timer.o(.text) refers to text.o(.data) for CurrentFont
    timer.o(.text) refers to lcd.o(.data) for CurrentMethod
    __main.o(!!!main) refers to __rtentry.o(.ARM.Collect$$rtentry$$00000000) for __rt_entry
    __rtentry.o(.ARM.Collect$$rtentry$$00000000) refers (Special) to __rtentry2.o(.ARM.Collect$$rtentry$$0000000A) for __rt_entry_li
    __rtentry.o(.ARM.Collect$$rtentry$$00000000) refers (Special) to __rtentry2.o(.ARM.Collect$$rtentry$$0000000D) for __rt_entry_main
    __rtentry.o(.ARM.Collect$$rtentry$$00000000) refers (Special) to __rtentry2.o(.ARM.Collect$$rtentry$$0000000C) for __rt_entry_postli_1
    __rtentry.o(.ARM.Collect$$rtentry$$00000000) refers (Special) to __rtentry2.o(.ARM.Collect$$rtentry$$00000009) for __rt_entry_postsh_1
    __rtentry.o(.ARM.Collect$$rtentry$$00000000) refers (Special) to __rtentry2.o(.ARM.Collect$$rtentry$$00000002) for __rt_entry_presh_1
    __rtentry.o(.ARM.Collect$$rtentry$$00000000) refers (Special) to __rtentry4.o(.ARM.Collect$$rtentry$$00000004) for __rt_entry_sh
    __rtentry2.o(.ARM.Collect$$rtentry$$00000008) refers to boardinit2.o(.text) for _platform_post_stackheap_init
    __rtentry2.o(.ARM.Collect$$rtentry$$0000000A) refers to libinit.o(.ARM.Collect$$libinit$$00000000) for __rt_lib_init
    __rtentry2.o(.ARM.Collect$$rtentry$$0000000B) refers to boardinit3.o(.text) for _platform_post_lib_init
    __rtentry2.o(.ARM.Collect$$rtentry$$0000000D) refers to main.o(.text) for main
    __rtentry2.o(.ARM.Collect$$rtentry$$0000000D) refers to exit.o(.text) for exit
    __rtentry2.o(.ARM.exidx) refers to __rtentry2.o(.ARM.Collect$$rtentry$$00000001) for .ARM.Collect$$rtentry$$00000001
    __rtentry2.o(.ARM.exidx) refers to __rtentry2.o(.ARM.Collect$$rtentry$$00000008) for .ARM.Collect$$rtentry$$00000008
    __rtentry2.o(.ARM.exidx) refers to __rtentry2.o(.ARM.Collect$$rtentry$$0000000A) for .ARM.Collect$$rtentry$$0000000A
    __rtentry2.o(.ARM.exidx) refers to __rtentry2.o(.ARM.Collect$$rtentry$$0000000B) for .ARM.Collect$$rtentry$$0000000B
    __rtentry2.o(.ARM.exidx) refers to __rtentry2.o(.ARM.Collect$$rtentry$$0000000D) for .ARM.Collect$$rtentry$$0000000D
    __rtentry4.o(.ARM.Collect$$rtentry$$00000004) refers to sys_stackheap_outer.o(.text) for __user_setup_stackheap
    __rtentry4.o(.ARM.exidx) refers to __rtentry4.o(.ARM.Collect$$rtentry$$00000004) for .ARM.Collect$$rtentry$$00000004
    sys_stackheap_outer.o(.text) refers to libspace.o(.text) for __user_perproc_libspace
    sys_stackheap_outer.o(.text) refers to startup_mps.o(.text) for __user_initial_stackheap
    exit.o(.text) refers to rtexit.o(.ARM.Collect$$rtexit$$00000000) for __rt_exit
    libinit.o(.ARM.Collect$$libinit$$00000000) refers (Special) to libinit2.o(.ARM.Collect$$libinit$$0000002E) for __rt_lib_init_alloca_1
    libinit.o(.ARM.Collect$$libinit$$00000000) refers (Special) to libinit2.o(.ARM.Collect$$libinit$$0000002C) for __rt_lib_init_argv_1
    libinit.o(.ARM.Collect$$libinit$$00000000) refers (Special) to libinit2.o(.ARM.Collect$$libinit$$0000001B) for __rt_lib_init_atexit_1
    libinit.o(.ARM.Collect$$libinit$$00000000) refers (Special) to libinit2.o(.ARM.Collect$$libinit$$00000021) for __rt_lib_init_clock_1
    libinit.o(.ARM.Collect$$libinit$$00000000) refers (Special) to libinit2.o(.ARM.Collect$$libinit$$00000032) for __rt_lib_init_cpp_1
    libinit.o(.ARM.Collect$$libinit$$00000000) refers (Special) to libinit2.o(.ARM.Collect$$libinit$$00000030) for __rt_lib_init_exceptions_1
    libinit.o(.ARM.Collect$$libinit$$00000000) refers (Special) to libinit2.o(.ARM.Collect$$libinit$$00000002) for __rt_lib_init_fp_1
    libinit.o(.ARM.Collect$$libinit$$00000000) refers (Special) to libinit2.o(.ARM.Collect$$libinit$$0000001F) for __rt_lib_init_fp_trap_1
    libinit.o(.ARM.Collect$$libinit$$00000000) refers (Special) to libinit2.o(.ARM.Collect$$libinit$$00000023) for __rt_lib_init_getenv_1
    libinit.o(.ARM.Collect$$libinit$$00000000) refers (Special) to libinit2.o(.ARM.Collect$$libinit$$0000000A) for __rt_lib_init_heap_1
    libinit.o(.ARM.Collect$$libinit$$00000000) refers (Special) to libinit2.o(.ARM.Collect$$libinit$$00000011) for __rt_lib_init_lc_collate_1
    libinit.o(.ARM.Collect$$libinit$$00000000) refers (Special) to libinit2.o(.ARM.Collect$$libinit$$00000013) for __rt_lib_init_lc_ctype_1
    libinit.o(.ARM.Collect$$libinit$$00000000) refers (Special) to libinit2.o(.ARM.Collect$$libinit$$00000015) for __rt_lib_init_lc_monetary_1
    libinit.o(.ARM.Collect$$libinit$$00000000) refers (Special) to libinit2.o(.ARM.Collect$$libinit$$00000017) for __rt_lib_init_lc_numeric_1
    libinit.o(.ARM.Collect$$libinit$$00000000) refers (Special) to libinit2.o(.ARM.Collect$$libinit$$00000019) for __rt_lib_init_lc_time_1
    libinit.o(.ARM.Collect$$libinit$$00000000) refers (Special) to libinit2.o(.ARM.Collect$$libinit$$00000004) for __rt_lib_init_preinit_1
    libinit.o(.ARM.Collect$$libinit$$00000000) refers (Special) to libinit2.o(.ARM.Collect$$libinit$$0000000E) for __rt_lib_init_rand_1
    libinit.o(.ARM.Collect$$libinit$$00000000) refers (Special) to libinit2.o(.ARM.Collect$$libinit$$00000033) for __rt_lib_init_return
    libinit.o(.ARM.Collect$$libinit$$00000000) refers (Special) to libinit2.o(.ARM.Collect$$libinit$$0000001D) for __rt_lib_init_signal_1
    libinit.o(.ARM.Collect$$libinit$$00000000) refers (Special) to libinit2.o(.ARM.Collect$$libinit$$00000025) for __rt_lib_init_stdio_1
    libinit.o(.ARM.Collect$$libinit$$00000000) refers (Special) to libinit2.o(.ARM.Collect$$libinit$$0000000C) for __rt_lib_init_user_alloc_1
    libspace.o(.text) refers to libspace.o(.bss) for __libspace_start
    rtexit.o(.ARM.Collect$$rtexit$$00000000) refers (Special) to rtexit2.o(.ARM.Collect$$rtexit$$00000004) for __rt_exit_exit
    rtexit.o(.ARM.Collect$$rtexit$$00000000) refers (Special) to rtexit2.o(.ARM.Collect$$rtexit$$00000003) for __rt_exit_ls
    rtexit.o(.ARM.Collect$$rtexit$$00000000) refers (Special) to rtexit2.o(.ARM.Collect$$rtexit$$00000002) for __rt_exit_prels_1
    rtexit.o(.ARM.exidx) refers (Special) to rtexit2.o(.ARM.Collect$$rtexit$$00000004) for __rt_exit_exit
    rtexit.o(.ARM.exidx) refers (Special) to rtexit2.o(.ARM.Collect$$rtexit$$00000003) for __rt_exit_ls
    rtexit.o(.ARM.exidx) refers (Special) to rtexit2.o(.ARM.Collect$$rtexit$$00000002) for __rt_exit_prels_1
    rtexit.o(.ARM.exidx) refers to rtexit.o(.ARM.Collect$$rtexit$$00000000) for .ARM.Collect$$rtexit$$00000000
    libinit2.o(.ARM.Collect$$libinit$$00000010) refers to libinit2.o(.ARM.Collect$$libinit$$0000000F) for .ARM.Collect$$libinit$$0000000F
    libinit2.o(.ARM.Collect$$libinit$$00000012) refers to libinit2.o(.ARM.Collect$$libinit$$0000000F) for .ARM.Collect$$libinit$$0000000F
    libinit2.o(.ARM.Collect$$libinit$$00000014) refers to libinit2.o(.ARM.Collect$$libinit$$0000000F) for .ARM.Collect$$libinit$$0000000F
    libinit2.o(.ARM.Collect$$libinit$$00000016) refers to libinit2.o(.ARM.Collect$$libinit$$0000000F) for .ARM.Collect$$libinit$$0000000F
    libinit2.o(.ARM.Collect$$libinit$$00000018) refers to libinit2.o(.ARM.Collect$$libinit$$0000000F) for .ARM.Collect$$libinit$$0000000F
    libinit2.o(.ARM.Collect$$libinit$$00000026) refers to argv_veneer.o(.emb_text) for __ARM_argv_veneer
    libinit2.o(.ARM.Collect$$libinit$$00000027) refers to argv_veneer.o(.emb_text) for __ARM_argv_veneer
    rtexit2.o(.ARM.Collect$$rtexit$$00000003) refers to libshutdown.o(.ARM.Collect$$libshutdown$$00000000) for __rt_lib_shutdown
    rtexit2.o(.ARM.Collect$$rtexit$$00000004) refers to sys_exit.o(.text) for _sys_exit
    rtexit2.o(.ARM.exidx) refers to rtexit2.o(.ARM.Collect$$rtexit$$00000001) for .ARM.Collect$$rtexit$$00000001
    rtexit2.o(.ARM.exidx) refers to rtexit2.o(.ARM.Collect$$rtexit$$00000003) for .ARM.Collect$$rtexit$$00000003
    rtexit2.o(.ARM.exidx) refers to rtexit2.o(.ARM.Collect$$rtexit$$00000004) for .ARM.Collect$$rtexit$$00000004
    argv_veneer.o(.emb_text) refers to no_argv.o(.text) for __ARM_get_argv
    sys_exit.o(.text) refers (Special) to use_no_semi.o(.text) for __I$use$semihosting
    sys_exit.o(.text) refers (Special) to indicate_semi.o(.text) for __semihosting_library_function
    _get_argv_nomalloc.o(.text) refers (Special) to hrguard.o(.text) for __heap_region$guard
    _get_argv_nomalloc.o(.text) refers to defsig_rtmem_outer.o(.text) for __rt_SIGRTMEM
    _get_argv_nomalloc.o(.text) refers to sys_command.o(.text) for _sys_command_string
    libshutdown.o(.ARM.Collect$$libshutdown$$00000000) refers (Special) to libshutdown2.o(.ARM.Collect$$libshutdown$$00000002) for __rt_lib_shutdown_cpp_1
    libshutdown.o(.ARM.Collect$$libshutdown$$00000000) refers (Special) to libshutdown2.o(.ARM.Collect$$libshutdown$$00000007) for __rt_lib_shutdown_fp_trap_1
    libshutdown.o(.ARM.Collect$$libshutdown$$00000000) refers (Special) to libshutdown2.o(.ARM.Collect$$libshutdown$$0000000F) for __rt_lib_shutdown_heap_1
    libshutdown.o(.ARM.Collect$$libshutdown$$00000000) refers (Special) to libshutdown2.o(.ARM.Collect$$libshutdown$$00000010) for __rt_lib_shutdown_return
    libshutdown.o(.ARM.Collect$$libshutdown$$00000000) refers (Special) to libshutdown2.o(.ARM.Collect$$libshutdown$$0000000A) for __rt_lib_shutdown_signal_1
    libshutdown.o(.ARM.Collect$$libshutdown$$00000000) refers (Special) to libshutdown2.o(.ARM.Collect$$libshutdown$$00000004) for __rt_lib_shutdown_stdio_1
    libshutdown.o(.ARM.Collect$$libshutdown$$00000000) refers (Special) to libshutdown2.o(.ARM.Collect$$libshutdown$$0000000C) for __rt_lib_shutdown_user_alloc_1
    sys_command.o(.text) refers (Special) to use_no_semi.o(.text) for __I$use$semihosting
    sys_command.o(.text) refers (Special) to indicate_semi.o(.text) for __semihosting_library_function
    defsig_rtmem_outer.o(.text) refers to defsig_rtmem_inner.o(.text) for __rt_SIGRTMEM_inner
    defsig_rtmem_outer.o(.text) refers to defsig_exit.o(.text) for __sig_exit
    defsig_rtmem_formal.o(.text) refers to rt_raise.o(.text) for __rt_raise
    rt_raise.o(.text) refers to __raise.o(.text) for __raise
    rt_raise.o(.text) refers to sys_exit.o(.text) for _sys_exit
    defsig_exit.o(.text) refers to sys_exit.o(.text) for _sys_exit
    defsig_rtmem_inner.o(.text) refers to defsig_general.o(.text) for __default_signal_display
    __raise.o(.text) refers to defsig.o(CL$$defsig) for __default_signal_handler
    defsig_general.o(.text) refers to sys_wrch.o(.text) for _ttywrch
    sys_wrch.o(.text) refers (Special) to use_no_semi.o(.text) for __I$use$semihosting
    sys_wrch.o(.text) refers (Special) to indicate_semi.o(.text) for __semihosting_library_function
    defsig.o(CL$$defsig) refers to defsig_rtmem_inner.o(.text) for __rt_SIGRTMEM_inner
    defsig_abrt_inner.o(.text) refers to defsig_general.o(.text) for __default_signal_display
    defsig_fpe_inner.o(.text) refers to defsig_general.o(.text) for __default_signal_display
    defsig_rtred_inner.o(.text) refers to defsig_general.o(.text) for __default_signal_display
    defsig_stak_inner.o(.text) refers to defsig_general.o(.text) for __default_signal_display
    defsig_pvfn_inner.o(.text) refers to defsig_general.o(.text) for __default_signal_display
    defsig_cppl_inner.o(.text) refers to defsig_general.o(.text) for __default_signal_display
    defsig_segv_inner.o(.text) refers to defsig_general.o(.text) for __default_signal_display
    defsig_other.o(.text) refers to defsig_general.o(.text) for __default_signal_display


==============================================================================

Removing Unused input sections from the image.

    Removing text.o(.text), (972 bytes).
    Removing text.o(.data), (4 bytes).
    Removing font_6x8.o(.data), (1552 bytes).
    Removing font_7x10_bold.o(.data), (3600 bytes).
    Removing font_7x10_thin.o(.data), (3600 bytes).
    Removing font_12x16.o(.data), (6160 bytes).
    Removing gl.o(.text), (460 bytes).
    Removing joystick.o(.text), (80 bytes).
    Removing joystick.o(.constdata), (28 bytes).
    Removing lcd.o(.text), (476 bytes).
    Removing lcd.o(.constdata), (16 bytes).
    Removing lcd.o(.data), (2 bytes).
    Removing leds.o(.text), (120 bytes).
    Removing leds.o(.data), (4 bytes).
    Removing menu.o(.text), (968 bytes).
    Removing menu.o(.bss), (24 bytes).
    Removing menu.o(.conststring), (285 bytes).
    Removing menu.o(.data), (464 bytes).
    Removing menu_gl.o(.text), (1340 bytes).
    Removing menu_gl.o(.constdata), (304 bytes).
    Removing menu_gl.o(.data), (392 bytes).
    Removing menu_leds.o(.text), (168 bytes).
    Removing menu_text.o(.text), (884 bytes).
    Removing menu_text.o(.data), (352 bytes).
    Removing analog.o(.text), (1700 bytes).
    Removing uart.o(.text), (292 bytes).
    Removing test.o(.text), (2672 bytes).
    Removing timer.o(.text), (552 bytes).
    Removing flashdev.o(.constdata), (4256 bytes).
    Removing flashprg.o(.text), (416 bytes).

30 unused section(s) (total 32143 bytes) removed from the image.

==============================================================================

Image Symbol Table

    Local Symbols

    Symbol Name                              Value     Ov Type        Size  Object(Section)

    ../clib/angel/boardlib.s                 0x00000000   Number         0  boardshut.o ABSOLUTE
    ../clib/angel/boardlib.s                 0x00000000   Number         0  boardinit3.o ABSOLUTE
    ../clib/angel/boardlib.s                 0x00000000   Number         0  boardinit2.o ABSOLUTE
    ../clib/angel/boardlib.s                 0x00000000   Number         0  boardinit1.o ABSOLUTE
    ../clib/angel/handlers.s                 0x00000000   Number         0  __scatter_copy.o ABSOLUTE
    ../clib/angel/kernel.s                   0x00000000   Number         0  rtexit2.o ABSOLUTE
    ../clib/angel/kernel.s                   0x00000000   Number         0  rtexit.o ABSOLUTE
    ../clib/angel/kernel.s                   0x00000000   Number         0  __rtentry4.o ABSOLUTE
    ../clib/angel/kernel.s                   0x00000000   Number         0  __rtentry2.o ABSOLUTE
    ../clib/angel/kernel.s                   0x00000000   Number         0  __rtentry.o ABSOLUTE
    ../clib/angel/rt.s                       0x00000000   Number         0  rt_raise.o ABSOLUTE
    ../clib/angel/scatter.s                  0x00000000   Number         0  __scatter.o ABSOLUTE
    ../clib/angel/startup.s                  0x00000000   Number         0  __main.o ABSOLUTE
    ../clib/angel/sys.s                      0x00000000   Number         0  use_no_semi.o ABSOLUTE
    ../clib/angel/sys.s                      0x00000000   Number         0  indicate_semi.o ABSOLUTE
    ../clib/angel/sys.s                      0x00000000   Number         0  sys_stackheap_outer.o ABSOLUTE
    ../clib/angel/sys.s                      0x00000000   Number         0  libspace.o ABSOLUTE
    ../clib/angel/sysapp.c                   0x00000000   Number         0  sys_exit.o ABSOLUTE
    ../clib/angel/sysapp.c                   0x00000000   Number         0  sys_wrch.o ABSOLUTE
    ../clib/angel/sysapp.c                   0x00000000   Number         0  sys_command.o ABSOLUTE
    ../clib/armsys.c                         0x00000000   Number         0  argv_veneer.o ABSOLUTE
    ../clib/armsys.c                         0x00000000   Number         0  _get_argv_nomalloc.o ABSOLUTE
    ../clib/armsys.c                         0x00000000   Number         0  no_argv.o ABSOLUTE
    ../clib/armsys.c                         0x00000000   Number         0  argv_veneer.o ABSOLUTE
    ../clib/heapalloc.c                      0x00000000   Number         0  hrguard.o ABSOLUTE
    ../clib/heapaux.c                        0x00000000   Number         0  heapauxi.o ABSOLUTE
    ../clib/libinit.s                        0x00000000   Number         0  libinit.o ABSOLUTE
    ../clib/libinit.s                        0x00000000   Number         0  libshutdown.o ABSOLUTE
    ../clib/libinit.s                        0x00000000   Number         0  libshutdown2.o ABSOLUTE
    ../clib/libinit.s                        0x00000000   Number         0  libinit2.o ABSOLUTE
    ../clib/signal.c                         0x00000000   Number         0  defsig_fpe_inner.o ABSOLUTE
    ../clib/signal.c                         0x00000000   Number         0  defsig_rtmem_outer.o ABSOLUTE
    ../clib/signal.c                         0x00000000   Number         0  defsig_exit.o ABSOLUTE
    ../clib/signal.c                         0x00000000   Number         0  defsig_rtmem_inner.o ABSOLUTE
    ../clib/signal.c                         0x00000000   Number         0  defsig_rtmem_formal.o ABSOLUTE
    ../clib/signal.c                         0x00000000   Number         0  defsig_pvfn_inner.o ABSOLUTE
    ../clib/signal.c                         0x00000000   Number         0  defsig_cppl_inner.o ABSOLUTE
    ../clib/signal.c                         0x00000000   Number         0  defsig_segv_inner.o ABSOLUTE
    ../clib/signal.c                         0x00000000   Number         0  defsig_stak_inner.o ABSOLUTE
    ../clib/signal.c                         0x00000000   Number         0  defsig_other.o ABSOLUTE
    ../clib/signal.c                         0x00000000   Number         0  defsig_rtred_inner.o ABSOLUTE
    ../clib/signal.c                         0x00000000   Number         0  defsig_abrt_inner.o ABSOLUTE
    ../clib/signal.c                         0x00000000   Number         0  defsig_general.o ABSOLUTE
    ../clib/signal.c                         0x00000000   Number         0  __raise.o ABSOLUTE
    ../clib/signal.s                         0x00000000   Number         0  defsig.o ABSOLUTE
    ../clib/stdlib.c                         0x00000000   Number         0  exit.o ABSOLUTE
    ../clib/string.c                         0x00000000   Number         0  strlen.o ABSOLUTE
    ../fplib/fpinit.s                        0x00000000   Number         0  fpinit.o ABSOLUTE
    FlashDev.c                               0x00000000   Number         0  flashdev.o ABSOLUTE
    FlashPrg.c                               0x00000000   Number         0  flashprg.o ABSOLUTE
    Font_12x16.c                             0x00000000   Number         0  font_12x16.o ABSOLUTE
    Font_6x8.c                               0x00000000   Number         0  font_6x8.o ABSOLUTE
    Font_7x10_bold.c                         0x00000000   Number         0  font_7x10_bold.o ABSOLUTE
    Font_7x10_thin.c                         0x00000000   Number         0  font_7x10_thin.o ABSOLUTE
    Main.c                                   0x00000000   Number         0  main.o ABSOLUTE
    Menu.c                                   0x00000000   Number         0  menu.o ABSOLUTE
    Menu_gl.c                                0x00000000   Number         0  menu_gl.o ABSOLUTE
    Menu_leds.c                              0x00000000   Number         0  menu_leds.o ABSOLUTE
    Menu_text.c                              0x00000000   Number         0  menu_text.o ABSOLUTE
    analog.c                                 0x00000000   Number         0  analog.o ABSOLUTE
    dc.s                                     0x00000000   Number         0  dc.o ABSOLUTE
    gl.c                                     0x00000000   Number         0  gl.o ABSOLUTE
    joystick.c                               0x00000000   Number         0  joystick.o ABSOLUTE
    lcd.c                                    0x00000000   Number         0  lcd.o ABSOLUTE
    leds.c                                   0x00000000   Number         0  leds.o ABSOLUTE
    startup_MPS.s                            0x00000000   Number         0  startup_mps.o ABSOLUTE
    systick.c                                0x00000000   Number         0  systick.o ABSOLUTE
    test.c                                   0x00000000   Number         0  test.o ABSOLUTE
    text.c                                   0x00000000   Number         0  text.o ABSOLUTE
    timer.c                                  0x00000000   Number         0  timer.o ABSOLUTE
    uart.c                                   0x00000000   Number         0  uart.o ABSOLUTE
    RESET                                    0x08000000   Section      192  startup_mps.o(RESET)
    !!!main                                  0x080000c0   Section        8  __main.o(!!!main)
    !!!scatter                               0x080000c8   Section       52  __scatter.o(!!!scatter)
    !!handler_copy                           0x080000fc   Section       26  __scatter_copy.o(!!handler_copy)
    .ARM.Collect$$libinit$$00000000          0x08000116   Section        2  libinit.o(.ARM.Collect$$libinit$$00000000)
    .ARM.Collect$$libinit$$00000002          0x08000118   Section        0  libinit2.o(.ARM.Collect$$libinit$$00000002)
    .ARM.Collect$$libinit$$00000004          0x08000118   Section        0  libinit2.o(.ARM.Collect$$libinit$$00000004)
    .ARM.Collect$$libinit$$0000000A          0x08000118   Section        0  libinit2.o(.ARM.Collect$$libinit$$0000000A)
    .ARM.Collect$$libinit$$0000000C          0x08000118   Section        0  libinit2.o(.ARM.Collect$$libinit$$0000000C)
    .ARM.Collect$$libinit$$0000000E          0x08000118   Section        0  libinit2.o(.ARM.Collect$$libinit$$0000000E)
    .ARM.Collect$$libinit$$00000011          0x08000118   Section        0  libinit2.o(.ARM.Collect$$libinit$$00000011)
    .ARM.Collect$$libinit$$00000013          0x08000118   Section        0  libinit2.o(.ARM.Collect$$libinit$$00000013)
    .ARM.Collect$$libinit$$00000015          0x08000118   Section        0  libinit2.o(.ARM.Collect$$libinit$$00000015)
    .ARM.Collect$$libinit$$00000017          0x08000118   Section        0  libinit2.o(.ARM.Collect$$libinit$$00000017)
    .ARM.Collect$$libinit$$00000019          0x08000118   Section        0  libinit2.o(.ARM.Collect$$libinit$$00000019)
    .ARM.Collect$$libinit$$0000001B          0x08000118   Section        0  libinit2.o(.ARM.Collect$$libinit$$0000001B)
    .ARM.Collect$$libinit$$0000001D          0x08000118   Section        0  libinit2.o(.ARM.Collect$$libinit$$0000001D)
    .ARM.Collect$$libinit$$0000001F          0x08000118   Section        0  libinit2.o(.ARM.Collect$$libinit$$0000001F)
    .ARM.Collect$$libinit$$00000021          0x08000118   Section        0  libinit2.o(.ARM.Collect$$libinit$$00000021)
    .ARM.Collect$$libinit$$00000023          0x08000118   Section        0  libinit2.o(.ARM.Collect$$libinit$$00000023)
    .ARM.Collect$$libinit$$00000025          0x08000118   Section        0  libinit2.o(.ARM.Collect$$libinit$$00000025)
    .ARM.Collect$$libinit$$0000002C          0x08000118   Section        0  libinit2.o(.ARM.Collect$$libinit$$0000002C)
    .ARM.Collect$$libinit$$0000002E          0x08000118   Section        0  libinit2.o(.ARM.Collect$$libinit$$0000002E)
    .ARM.Collect$$libinit$$00000030          0x08000118   Section        0  libinit2.o(.ARM.Collect$$libinit$$00000030)
    .ARM.Collect$$libinit$$00000032          0x08000118   Section        0  libinit2.o(.ARM.Collect$$libinit$$00000032)
    .ARM.Collect$$libinit$$00000033          0x08000118   Section        2  libinit2.o(.ARM.Collect$$libinit$$00000033)
    .ARM.Collect$$libshutdown$$00000000      0x0800011a   Section        2  libshutdown.o(.ARM.Collect$$libshutdown$$00000000)
    .ARM.Collect$$libshutdown$$00000002      0x0800011c   Section        0  libshutdown2.o(.ARM.Collect$$libshutdown$$00000002)
    .ARM.Collect$$libshutdown$$00000004      0x0800011c   Section        0  libshutdown2.o(.ARM.Collect$$libshutdown$$00000004)
    .ARM.Collect$$libshutdown$$00000007      0x0800011c   Section        0  libshutdown2.o(.ARM.Collect$$libshutdown$$00000007)
    .ARM.Collect$$libshutdown$$0000000A      0x0800011c   Section        0  libshutdown2.o(.ARM.Collect$$libshutdown$$0000000A)
    .ARM.Collect$$libshutdown$$0000000C      0x0800011c   Section        0  libshutdown2.o(.ARM.Collect$$libshutdown$$0000000C)
    .ARM.Collect$$libshutdown$$0000000F      0x0800011c   Section        0  libshutdown2.o(.ARM.Collect$$libshutdown$$0000000F)
    .ARM.Collect$$libshutdown$$00000010      0x0800011c   Section        2  libshutdown2.o(.ARM.Collect$$libshutdown$$00000010)
    .ARM.Collect$$rtentry$$00000000          0x0800011e   Section        0  __rtentry.o(.ARM.Collect$$rtentry$$00000000)
    .ARM.Collect$$rtentry$$00000002          0x0800011e   Section        0  __rtentry2.o(.ARM.Collect$$rtentry$$00000002)
    .ARM.Collect$$rtentry$$00000004          0x0800011e   Section        6  __rtentry4.o(.ARM.Collect$$rtentry$$00000004)
    .ARM.Collect$$rtentry$$00000009          0x08000124   Section        0  __rtentry2.o(.ARM.Collect$$rtentry$$00000009)
    .ARM.Collect$$rtentry$$0000000A          0x08000124   Section        4  __rtentry2.o(.ARM.Collect$$rtentry$$0000000A)
    .ARM.Collect$$rtentry$$0000000C          0x08000128   Section        0  __rtentry2.o(.ARM.Collect$$rtentry$$0000000C)
    .ARM.Collect$$rtentry$$0000000D          0x08000128   Section        8  __rtentry2.o(.ARM.Collect$$rtentry$$0000000D)
    .ARM.Collect$$rtexit$$00000000           0x08000130   Section        2  rtexit.o(.ARM.Collect$$rtexit$$00000000)
    .ARM.Collect$$rtexit$$00000002           0x08000132   Section        0  rtexit2.o(.ARM.Collect$$rtexit$$00000002)
    .ARM.Collect$$rtexit$$00000003           0x08000132   Section        4  rtexit2.o(.ARM.Collect$$rtexit$$00000003)
    .ARM.Collect$$rtexit$$00000004           0x08000136   Section        6  rtexit2.o(.ARM.Collect$$rtexit$$00000004)
    .text                                    0x0800013c   Section        0  main.o(.text)
    .text                                    0x080001f4   Section        0  systick.o(.text)
    .text                                    0x0800024c   Section       56  startup_mps.o(.text)
    .text                                    0x08000284   Section        0  heapauxi.o(.text)
    .text                                    0x0800028a   Section       74  sys_stackheap_outer.o(.text)
    .text                                    0x080002d4   Section        0  exit.o(.text)
    .text                                    0x080002e8   Section        8  libspace.o(.text)
    .text                                    0x080002f0   Section        0  sys_exit.o(.text)
    .text                                    0x080002fc   Section        2  use_no_semi.o(.text)
    .text                                    0x080002fe   Section        0  indicate_semi.o(.text)
    .data                                    0x20000000   Section        4  systick.o(.data)
    TimerCounter                             0x20000000   Data           4  systick.o(.data)
    .bss                                     0x20000004   Section       96  libspace.o(.bss)
    HEAP                                     0x20000068   Section     1024  startup_mps.o(HEAP)
    Heap_Mem                                 0x20000068   Data        1024  startup_mps.o(HEAP)
    STACK                                    0x20000468   Section     1024  startup_mps.o(STACK)
    Stack_Mem                                0x20000468   Data        1024  startup_mps.o(STACK)
    __initial_sp                             0x20000868   Data           0  startup_mps.o(STACK)

    Global Symbols

    Symbol Name                              Value     Ov Type        Size  Object(Section)

    BuildAttributes$$THM_ISAv4$P$D$K$B$S$PE$A:L22UL41UL21$X:L11$S22US41US21$IEEE1$IW$USESV6$~STKCKD$USESV7$~SHL$OSPACE$ROPI$EBA8$UX$STANDARDLIB$REQ8$PRES8$EABIv2 0x00000000   Number         0  anon$$obj.o ABSOLUTE
    __ARM_use_no_argv                        0x00000000   Number         0  main.o ABSOLUTE
    __ARM_exceptions_init                     - Undefined Weak Reference
    __alloca_initialize                       - Undefined Weak Reference
    __arm_preinit_                            - Undefined Weak Reference
    __cpp_initialize__aeabi_                  - Undefined Weak Reference
    __cxa_finalize                            - Undefined Weak Reference
    __rt_locale                               - Undefined Weak Reference
    __sigvec_lookup                           - Undefined Weak Reference
    _atexit_init                              - Undefined Weak Reference
    _call_atexit_fns                          - Undefined Weak Reference
    _clock_init                               - Undefined Weak Reference
    _fp_trap_init                             - Undefined Weak Reference
    _fp_trap_shutdown                         - Undefined Weak Reference
    _get_lc_collate                           - Undefined Weak Reference
    _get_lc_ctype                             - Undefined Weak Reference
    _get_lc_monetary                          - Undefined Weak Reference
    _get_lc_numeric                           - Undefined Weak Reference
    _get_lc_time                              - Undefined Weak Reference
    _getenv_init                              - Undefined Weak Reference
    _handle_redirection                       - Undefined Weak Reference
    _init_alloc                               - Undefined Weak Reference
    _init_user_alloc                          - Undefined Weak Reference
    _initio                                   - Undefined Weak Reference
    _rand_init                                - Undefined Weak Reference
    _signal_finish                            - Undefined Weak Reference
    _signal_init                              - Undefined Weak Reference
    _terminate_alloc                          - Undefined Weak Reference
    _terminate_user_alloc                     - Undefined Weak Reference
    _terminateio                              - Undefined Weak Reference
    __Vectors                                0x08000000   Data           4  startup_mps.o(RESET)
    __main                                   0x080000c1   Thumb Code     8  __main.o(!!!main)
    __scatterload                            0x080000c9   Thumb Code     0  __scatter.o(!!!scatter)
    __scatterload_rt2                        0x080000c9   Thumb Code    44  __scatter.o(!!!scatter)
    __scatterload_rt2_thumb_only             0x080000c9   Thumb Code     0  __scatter.o(!!!scatter)
    __scatterload_null                       0x080000d7   Thumb Code     0  __scatter.o(!!!scatter)
    __scatterload_copy                       0x080000fd   Thumb Code    26  __scatter_copy.o(!!handler_copy)
    __rt_lib_init                            0x08000117   Thumb Code     0  libinit.o(.ARM.Collect$$libinit$$00000000)
    __rt_lib_init_alloca_1                   0x08000119   Thumb Code     0  libinit2.o(.ARM.Collect$$libinit$$0000002E)
    __rt_lib_init_argv_1                     0x08000119   Thumb Code     0  libinit2.o(.ARM.Collect$$libinit$$0000002C)
    __rt_lib_init_atexit_1                   0x08000119   Thumb Code     0  libinit2.o(.ARM.Collect$$libinit$$0000001B)
    __rt_lib_init_clock_1                    0x08000119   Thumb Code     0  libinit2.o(.ARM.Collect$$libinit$$00000021)
    __rt_lib_init_cpp_1                      0x08000119   Thumb Code     0  libinit2.o(.ARM.Collect$$libinit$$00000032)
    __rt_lib_init_exceptions_1               0x08000119   Thumb Code     0  libinit2.o(.ARM.Collect$$libinit$$00000030)
    __rt_lib_init_fp_1                       0x08000119   Thumb Code     0  libinit2.o(.ARM.Collect$$libinit$$00000002)
    __rt_lib_init_fp_trap_1                  0x08000119   Thumb Code     0  libinit2.o(.ARM.Collect$$libinit$$0000001F)
    __rt_lib_init_getenv_1                   0x08000119   Thumb Code     0  libinit2.o(.ARM.Collect$$libinit$$00000023)
    __rt_lib_init_heap_1                     0x08000119   Thumb Code     0  libinit2.o(.ARM.Collect$$libinit$$0000000A)
    __rt_lib_init_lc_collate_1               0x08000119   Thumb Code     0  libinit2.o(.ARM.Collect$$libinit$$00000011)
    __rt_lib_init_lc_ctype_1                 0x08000119   Thumb Code     0  libinit2.o(.ARM.Collect$$libinit$$00000013)
    __rt_lib_init_lc_monetary_1              0x08000119   Thumb Code     0  libinit2.o(.ARM.Collect$$libinit$$00000015)
    __rt_lib_init_lc_numeric_1               0x08000119   Thumb Code     0  libinit2.o(.ARM.Collect$$libinit$$00000017)
    __rt_lib_init_lc_time_1                  0x08000119   Thumb Code     0  libinit2.o(.ARM.Collect$$libinit$$00000019)
    __rt_lib_init_preinit_1                  0x08000119   Thumb Code     0  libinit2.o(.ARM.Collect$$libinit$$00000004)
    __rt_lib_init_rand_1                     0x08000119   Thumb Code     0  libinit2.o(.ARM.Collect$$libinit$$0000000E)
    __rt_lib_init_return                     0x08000119   Thumb Code     0  libinit2.o(.ARM.Collect$$libinit$$00000033)
    __rt_lib_init_signal_1                   0x08000119   Thumb Code     0  libinit2.o(.ARM.Collect$$libinit$$0000001D)
    __rt_lib_init_stdio_1                    0x08000119   Thumb Code     0  libinit2.o(.ARM.Collect$$libinit$$00000025)
    __rt_lib_init_user_alloc_1               0x08000119   Thumb Code     0  libinit2.o(.ARM.Collect$$libinit$$0000000C)
    __rt_lib_shutdown                        0x0800011b   Thumb Code     0  libshutdown.o(.ARM.Collect$$libshutdown$$00000000)
    __rt_lib_shutdown_cpp_1                  0x0800011d   Thumb Code     0  libshutdown2.o(.ARM.Collect$$libshutdown$$00000002)
    __rt_lib_shutdown_fp_trap_1              0x0800011d   Thumb Code     0  libshutdown2.o(.ARM.Collect$$libshutdown$$00000007)
    __rt_lib_shutdown_heap_1                 0x0800011d   Thumb Code     0  libshutdown2.o(.ARM.Collect$$libshutdown$$0000000F)
    __rt_lib_shutdown_return                 0x0800011d   Thumb Code     0  libshutdown2.o(.ARM.Collect$$libshutdown$$00000010)
    __rt_lib_shutdown_signal_1               0x0800011d   Thumb Code     0  libshutdown2.o(.ARM.Collect$$libshutdown$$0000000A)
    __rt_lib_shutdown_stdio_1                0x0800011d   Thumb Code     0  libshutdown2.o(.ARM.Collect$$libshutdown$$00000004)
    __rt_lib_shutdown_user_alloc_1           0x0800011d   Thumb Code     0  libshutdown2.o(.ARM.Collect$$libshutdown$$0000000C)
    __rt_entry                               0x0800011f   Thumb Code     0  __rtentry.o(.ARM.Collect$$rtentry$$00000000)
    __rt_entry_presh_1                       0x0800011f   Thumb Code     0  __rtentry2.o(.ARM.Collect$$rtentry$$00000002)
    __rt_entry_sh                            0x0800011f   Thumb Code     0  __rtentry4.o(.ARM.Collect$$rtentry$$00000004)
    __rt_entry_li                            0x08000125   Thumb Code     0  __rtentry2.o(.ARM.Collect$$rtentry$$0000000A)
    __rt_entry_postsh_1                      0x08000125   Thumb Code     0  __rtentry2.o(.ARM.Collect$$rtentry$$00000009)
    __rt_entry_main                          0x08000129   Thumb Code     0  __rtentry2.o(.ARM.Collect$$rtentry$$0000000D)
    __rt_entry_postli_1                      0x08000129   Thumb Code     0  __rtentry2.o(.ARM.Collect$$rtentry$$0000000C)
    __rt_exit                                0x08000131   Thumb Code     0  rtexit.o(.ARM.Collect$$rtexit$$00000000)
    __rt_exit_ls                             0x08000133   Thumb Code     0  rtexit2.o(.ARM.Collect$$rtexit$$00000003)
    __rt_exit_prels_1                        0x08000133   Thumb Code     0  rtexit2.o(.ARM.Collect$$rtexit$$00000002)
    __rt_exit_exit                           0x08000137   Thumb Code     0  rtexit2.o(.ARM.Collect$$rtexit$$00000004)
    RSTconf                                  0x0800013d   Thumb Code    14  main.o(.text)
    PORTconf                                 0x0800014b   Thumb Code    60  main.o(.text)
    main                                     0x08000187   Thumb Code    94  main.o(.text)
    SysTickStart                             0x080001f5   Thumb Code    16  systick.o(.text)
    SysTickStop                              0x08000205   Thumb Code    18  systick.o(.text)
    SysTick_Handler                          0x08000217   Thumb Code    18  systick.o(.text)
    SysTickDelay                             0x08000229   Thumb Code    32  systick.o(.text)
    Reset_Handler                            0x0800024d   Thumb Code     4  startup_mps.o(.text)
    NMI_Handler                              0x08000251   Thumb Code     2  startup_mps.o(.text)
    HardFault_Handler                        0x08000253   Thumb Code     2  startup_mps.o(.text)
    MemManage_Handler                        0x08000255   Thumb Code     2  startup_mps.o(.text)
    BusFault_Handler                         0x08000257   Thumb Code     2  startup_mps.o(.text)
    UsageFault_Handler                       0x08000259   Thumb Code     2  startup_mps.o(.text)
    SVC_Handler                              0x0800025b   Thumb Code     2  startup_mps.o(.text)
    DebugMon_Handler                         0x0800025d   Thumb Code     2  startup_mps.o(.text)
    PendSV_Handler                           0x0800025f   Thumb Code     2  startup_mps.o(.text)
    AACI_IRQHandler                          0x08000263   Thumb Code     0  startup_mps.o(.text)
    CAN_IRQHandler                           0x08000263   Thumb Code     0  startup_mps.o(.text)
    CHLCD_IRQHandler                         0x08000263   Thumb Code     0  startup_mps.o(.text)
    CLCD_IRQHandler                          0x08000263   Thumb Code     0  startup_mps.o(.text)
    ENET_IRQHandler                          0x08000263   Thumb Code     0  startup_mps.o(.text)
    FLEXRAY_IRQHandler                       0x08000263   Thumb Code     0  startup_mps.o(.text)
    I2C_IRQHandler                           0x08000263   Thumb Code     0  startup_mps.o(.text)
    LIN_IRQHandler                           0x08000263   Thumb Code     0  startup_mps.o(.text)
    MCIA_IRQHandler                          0x08000263   Thumb Code     0  startup_mps.o(.text)
    MCIB_IRQHandler                          0x08000263   Thumb Code     0  startup_mps.o(.text)
    RTC_IRQHandler                           0x08000263   Thumb Code     0  startup_mps.o(.text)
    SPI_IRQHandler                           0x08000263   Thumb Code     0  startup_mps.o(.text)
    TIM0_IRQHandler                          0x08000263   Thumb Code     0  startup_mps.o(.text)
    TIM2_IRQHandler                          0x08000263   Thumb Code     0  startup_mps.o(.text)
    UART0_IRQHandler                         0x08000263   Thumb Code     0  startup_mps.o(.text)
    UART1_IRQHandler                         0x08000263   Thumb Code     0  startup_mps.o(.text)
    UART2_IRQHandler                         0x08000263   Thumb Code     0  startup_mps.o(.text)
    UART3_IRQHandler                         0x08000263   Thumb Code     0  startup_mps.o(.text)
    USBDC_IRQHandler                         0x08000263   Thumb Code     0  startup_mps.o(.text)
    USBHC_IRQHandler                         0x08000263   Thumb Code     0  startup_mps.o(.text)
    WDT_IRQHandler                           0x08000263   Thumb Code     0  startup_mps.o(.text)
    __user_initial_stackheap                 0x08000265   Thumb Code     0  startup_mps.o(.text)
    __use_two_region_memory                  0x08000285   Thumb Code     2  heapauxi.o(.text)
    __rt_heap_escrow$2region                 0x08000287   Thumb Code     2  heapauxi.o(.text)
    __rt_heap_expand$2region                 0x08000289   Thumb Code     2  heapauxi.o(.text)
    __user_setup_stackheap                   0x0800028b   Thumb Code    74  sys_stackheap_outer.o(.text)
    exit                                     0x080002d5   Thumb Code    18  exit.o(.text)
    __user_libspace                          0x080002e9   Thumb Code     8  libspace.o(.text)
    __user_perproc_libspace                  0x080002e9   Thumb Code     0  libspace.o(.text)
    __user_perthread_libspace                0x080002e9   Thumb Code     0  libspace.o(.text)
    _sys_exit                                0x080002f1   Thumb Code     8  sys_exit.o(.text)
    __I$use$semihosting                      0x080002fd   Thumb Code     0  use_no_semi.o(.text)
    __use_no_semihosting_swi                 0x080002fd   Thumb Code     2  use_no_semi.o(.text)
    __semihosting_library_function           0x080002ff   Thumb Code     0  indicate_semi.o(.text)
    Region$$Table$$Base                      0x08000300   Number         0  anon$$obj.o(Region$$Table)
    Region$$Table$$Limit                     0x08000310   Number         0  anon$$obj.o(Region$$Table)
    __libspace_start                         0x20000004   Data          96  libspace.o(.bss)
    __temporary_stack_top$libspace           0x20000064   Data           0  libspace.o(.bss)



==============================================================================

Memory Map of the image

  Image Entry point : 0x080000c1

  Load Region LR_IROM1 (Base: 0x08000000, Size: 0x00000314, Max: 0x00020000, ABSOLUTE)

    Execution Region ER_IROM1 (Base: 0x08000000, Size: 0x00000310, Max: 0x00020000, ABSOLUTE)

    Base Addr    Size         Type   Attr      Idx    E Section Name        Object

    0x08000000   0x000000c0   Data   RO          401    RESET               startup_mps.o
    0x080000c0   0x00000008   Code   RO          489  * !!!main             c_w.l(__main.o)
    0x080000c8   0x00000034   Code   RO          646    !!!scatter          c_w.l(__scatter.o)
    0x080000fc   0x0000001a   Code   RO          648    !!handler_copy      c_w.l(__scatter_copy.o)
    0x08000116   0x00000002   Code   RO          516    .ARM.Collect$$libinit$$00000000  c_w.l(libinit.o)
    0x08000118   0x00000000   Code   RO          523    .ARM.Collect$$libinit$$00000002  c_w.l(libinit2.o)
    0x08000118   0x00000000   Code   RO          525    .ARM.Collect$$libinit$$00000004  c_w.l(libinit2.o)
    0x08000118   0x00000000   Code   RO          528    .ARM.Collect$$libinit$$0000000A  c_w.l(libinit2.o)
    0x08000118   0x00000000   Code   RO          530    .ARM.Collect$$libinit$$0000000C  c_w.l(libinit2.o)
    0x08000118   0x00000000   Code   RO          532    .ARM.Collect$$libinit$$0000000E  c_w.l(libinit2.o)
    0x08000118   0x00000000   Code   RO          535    .ARM.Collect$$libinit$$00000011  c_w.l(libinit2.o)
    0x08000118   0x00000000   Code   RO          537    .ARM.Collect$$libinit$$00000013  c_w.l(libinit2.o)
    0x08000118   0x00000000   Code   RO          539    .ARM.Collect$$libinit$$00000015  c_w.l(libinit2.o)
    0x08000118   0x00000000   Code   RO          541    .ARM.Collect$$libinit$$00000017  c_w.l(libinit2.o)
    0x08000118   0x00000000   Code   RO          543    .ARM.Collect$$libinit$$00000019  c_w.l(libinit2.o)
    0x08000118   0x00000000   Code   RO          545    .ARM.Collect$$libinit$$0000001B  c_w.l(libinit2.o)
    0x08000118   0x00000000   Code   RO          547    .ARM.Collect$$libinit$$0000001D  c_w.l(libinit2.o)
    0x08000118   0x00000000   Code   RO          549    .ARM.Collect$$libinit$$0000001F  c_w.l(libinit2.o)
    0x08000118   0x00000000   Code   RO          551    .ARM.Collect$$libinit$$00000021  c_w.l(libinit2.o)
    0x08000118   0x00000000   Code   RO          553    .ARM.Collect$$libinit$$00000023  c_w.l(libinit2.o)
    0x08000118   0x00000000   Code   RO          555    .ARM.Collect$$libinit$$00000025  c_w.l(libinit2.o)
    0x08000118   0x00000000   Code   RO          559    .ARM.Collect$$libinit$$0000002C  c_w.l(libinit2.o)
    0x08000118   0x00000000   Code   RO          561    .ARM.Collect$$libinit$$0000002E  c_w.l(libinit2.o)
    0x08000118   0x00000000   Code   RO          563    .ARM.Collect$$libinit$$00000030  c_w.l(libinit2.o)
    0x08000118   0x00000000   Code   RO          565    .ARM.Collect$$libinit$$00000032  c_w.l(libinit2.o)
    0x08000118   0x00000002   Code   RO          566    .ARM.Collect$$libinit$$00000033  c_w.l(libinit2.o)
    0x0800011a   0x00000002   Code   RO          586    .ARM.Collect$$libshutdown$$00000000  c_w.l(libshutdown.o)
    0x0800011c   0x00000000   Code   RO          599    .ARM.Collect$$libshutdown$$00000002  c_w.l(libshutdown2.o)
    0x0800011c   0x00000000   Code   RO          601    .ARM.Collect$$libshutdown$$00000004  c_w.l(libshutdown2.o)
    0x0800011c   0x00000000   Code   RO          604    .ARM.Collect$$libshutdown$$00000007  c_w.l(libshutdown2.o)
    0x0800011c   0x00000000   Code   RO          607    .ARM.Collect$$libshutdown$$0000000A  c_w.l(libshutdown2.o)
    0x0800011c   0x00000000   Code   RO          609    .ARM.Collect$$libshutdown$$0000000C  c_w.l(libshutdown2.o)
    0x0800011c   0x00000000   Code   RO          612    .ARM.Collect$$libshutdown$$0000000F  c_w.l(libshutdown2.o)
    0x0800011c   0x00000002   Code   RO          613    .ARM.Collect$$libshutdown$$00000010  c_w.l(libshutdown2.o)
    0x0800011e   0x00000000   Code   RO          491    .ARM.Collect$$rtentry$$00000000  c_w.l(__rtentry.o)
    0x0800011e   0x00000000   Code   RO          493    .ARM.Collect$$rtentry$$00000002  c_w.l(__rtentry2.o)
    0x0800011e   0x00000006   Code   RO          505    .ARM.Collect$$rtentry$$00000004  c_w.l(__rtentry4.o)
    0x08000124   0x00000000   Code   RO          495    .ARM.Collect$$rtentry$$00000009  c_w.l(__rtentry2.o)
    0x08000124   0x00000004   Code   RO          496    .ARM.Collect$$rtentry$$0000000A  c_w.l(__rtentry2.o)
    0x08000128   0x00000000   Code   RO          498    .ARM.Collect$$rtentry$$0000000C  c_w.l(__rtentry2.o)
    0x08000128   0x00000008   Code   RO          499    .ARM.Collect$$rtentry$$0000000D  c_w.l(__rtentry2.o)
    0x08000130   0x00000002   Code   RO          520    .ARM.Collect$$rtexit$$00000000  c_w.l(rtexit.o)
    0x08000132   0x00000000   Code   RO          568    .ARM.Collect$$rtexit$$00000002  c_w.l(rtexit2.o)
    0x08000132   0x00000004   Code   RO          569    .ARM.Collect$$rtexit$$00000003  c_w.l(rtexit2.o)
    0x08000136   0x00000006   Code   RO          570    .ARM.Collect$$rtexit$$00000004  c_w.l(rtexit2.o)
    0x0800013c   0x000000b8   Code   RO          239    .text               main.o
    0x080001f4   0x00000058   Code   RO          385    .text               systick.o
    0x0800024c   0x00000038   Code   RO          402    .text               startup_mps.o
    0x08000284   0x00000006   Code   RO          487    .text               c_w.l(heapauxi.o)
    0x0800028a   0x0000004a   Code   RO          507    .text               c_w.l(sys_stackheap_outer.o)
    0x080002d4   0x00000012   Code   RO          509    .text               c_w.l(exit.o)
    0x080002e6   0x00000002   PAD
    0x080002e8   0x00000008   Code   RO          517    .text               c_w.l(libspace.o)
    0x080002f0   0x0000000c   Code   RO          578    .text               c_w.l(sys_exit.o)
    0x080002fc   0x00000002   Code   RO          589    .text               c_w.l(use_no_semi.o)
    0x080002fe   0x00000000   Code   RO          591    .text               c_w.l(indicate_semi.o)
    0x080002fe   0x00000002   PAD
    0x08000300   0x00000010   Data   RO          644    Region$$Table       anon$$obj.o


    Execution Region RW_IRAM1 (Base: 0x20000000, Size: 0x00000868, Max: 0x00008000, ABSOLUTE, UNINIT)

    Base Addr    Size         Type   Attr      Idx    E Section Name        Object

    0x20000000   0x00000004   Data   RW          386    .data               systick.o
    0x20000004   0x00000060   Zero   RW          518    .bss                c_w.l(libspace.o)
    0x20000064   0x00000004   PAD
    0x20000068   0x00000400   Zero   RW          400    HEAP                startup_mps.o
    0x20000468   0x00000400   Zero   RW          399    STACK               startup_mps.o


==============================================================================

Image component sizes


      Code (inc. data)   RO Data    RW Data    ZI Data      Debug   Object Name

         0          0          0          0          0        668   font_6x8.o
       184         16          0          0          0        680   main.o
        56         22        192          0       2048        748   startup_mps.o
        88          4          0          4          0       1024   systick.o
         0          0          0          0          0       1444   text.o

    ----------------------------------------------------------------------
       328         42        208          4       2048       4564   Object Totals
         0          0         16          0          0          0   (incl. Generated)
         0          0          0          0          0          0   (incl. Padding)

    ----------------------------------------------------------------------

      Code (inc. data)   RO Data    RW Data    ZI Data      Debug   Library Member Name

         8          0          0          0          0         68   __main.o
         0          0          0          0          0          0   __rtentry.o
        12          0          0          0          0          0   __rtentry2.o
         6          0          0          0          0          0   __rtentry4.o
        52          8          0          0          0          0   __scatter.o
        26          0          0          0          0          0   __scatter_copy.o
        18          0          0          0          0         80   exit.o
         6          0          0          0          0        152   heapauxi.o
         0          0          0          0          0          0   indicate_semi.o
         2          0          0          0          0          0   libinit.o
         2          0          0          0          0          0   libinit2.o
         2          0          0          0          0          0   libshutdown.o
         2          0          0          0          0          0   libshutdown2.o
         8          4          0          0         96         68   libspace.o
         2          0          0          0          0          0   rtexit.o
        10          0          0          0          0          0   rtexit2.o
        12          4          0          0          0         68   sys_exit.o
        74          0          0          0          0         80   sys_stackheap_outer.o
         2          0          0          0          0         68   use_no_semi.o

    ----------------------------------------------------------------------
       248         16          0          0        100        584   Library Totals
         4          0          0          0          4          0   (incl. Padding)

    ----------------------------------------------------------------------

      Code (inc. data)   RO Data    RW Data    ZI Data      Debug   Library Name

       244         16          0          0         96        584   c_w.l

    ----------------------------------------------------------------------
       248         16          0          0        100        584   Library Totals

    ----------------------------------------------------------------------

==============================================================================


      Code (inc. data)   RO Data    RW Data    ZI Data      Debug   

       576         58        208          4       2148       4816   Grand Totals
       576         58        208          4       2148       4816   ELF Image Totals
       576         58        208          4          0          0   ROM Totals

==============================================================================

    Total RO  Size (Code + RO Data)                  784 (   0.77kB)
    Total RW  Size (RW Data + ZI Data)              2152 (   2.10kB)
    Total ROM Size (Code + RO Data + RW Data)        788 (   0.77kB)

==============================================================================

