<html>
<body>
<pre>
<h1>µVision Build Log</h1>
<h2>Project:</h2>
C:\Documents and Settings\LabUser\Рабочий стол\denchik2\Demo.uvproj
Project File Date:  10/31/2015

<h2>Output:</h2>
Build target 'Target 1'
compiling text.c...
systick.h(25): warning:  #1295-D: Deprecated declaration SysTickStop - give arg types
text.c(164): warning:  #167-D: argument of type "uc8 *" is incompatible with parameter of type "const char *"
compiling Font_6x8.c...
compiling Font_7x10_bold.c...
compiling Font_7x10_thin.c...
compiling Font_12x16.c...
compiling gl.c...
compiling joystick.c...
compiling lcd.c...
compiling leds.c...
leds.h(52): warning:  #1-D: last line of file ends without a newline
compiling Main.c...
Main.c(41): warning:  #1-D: last line of file ends without a newline
compiling Menu.c...
leds.h(52): warning:  #1-D: last line of file ends without a newline
test.h(4): warning:  #1295-D: Deprecated declaration COMPINIT - give arg types
test.h(5): warning:  #1295-D: Deprecated declaration PADINIT - give arg types
test.h(6): warning:  #1-D: last line of file ends without a newline
test.h(6): warning:  #1295-D: Deprecated declaration ADCTEST - give arg types
Menu.c(128): warning:  #167-D: argument of type "uc8 *" is incompatible with parameter of type "const char *"
Menu.c(221): warning:  #167-D: argument of type "uc8 *" is incompatible with parameter of type "const char *"
Menu.c(52): warning:  #550-D: variable "ItemNumb" was set but never used
compiling Menu_gl.c...
systick.h(25): warning:  #1295-D: Deprecated declaration SysTickStop - give arg types
Menu_gl.c(189): warning:  #188-D: enumerated type mixed with another type
Menu_gl.c(199): warning:  #188-D: enumerated type mixed with another type
Menu_gl.c(335): warning:  #111-D: statement is unreachable
compiling Menu_leds.c...
leds.h(52): warning:  #1-D: last line of file ends without a newline
compiling Menu_text.c...
Menu_text.c(131): warning:  #167-D: argument of type "char *" is incompatible with parameter of type "uc8 *"
compiling systick.c...
systick.h(25): warning:  #1295-D: Deprecated declaration SysTickStop - give arg types
compiling analog.c...
leds.h(52): warning:  #1-D: last line of file ends without a newline
analog.c(32): warning:  #177-D: variable "C" was declared but never referenced
analog.c(34): warning:  #177-D: variable "i" was declared but never referenced
analog.c(35): warning:  #177-D: variable "err" was declared but never referenced
analog.c(160): warning:  #177-D: variable "D" was declared but never referenced
analog.c(161): warning:  #177-D: variable "C" was declared but never referenced
analog.c(162): warning:  #177-D: variable "x" was declared but never referenced
analog.c(164): warning:  #177-D: variable "i" was declared but never referenced
analog.c(165): warning:  #177-D: variable "err" was declared but never referenced
analog.c(213): warning:  #177-D: variable "D" was declared but never referenced
analog.c(214): warning:  #177-D: variable "C" was declared but never referenced
analog.c(215): warning:  #177-D: variable "x" was declared but never referenced
analog.c(217): warning:  #177-D: variable "i" was declared but never referenced
analog.c(218): warning:  #177-D: variable "err" was declared but never referenced
compiling uart.c...
leds.h(52): warning:  #1-D: last line of file ends without a newline
uart.c(32): warning:  #177-D: variable "D" was declared but never referenced
uart.c(33): warning:  #177-D: variable "C" was declared but never referenced
uart.c(36): warning:  #177-D: variable "str" was declared but never referenced
uart.c(39): warning:  #177-D: variable "err" was declared but never referenced
compiling test.c...
test.h(4): warning:  #1295-D: Deprecated declaration COMPINIT - give arg types
test.h(5): warning:  #1295-D: Deprecated declaration PADINIT - give arg types
test.h(6): warning:  #1-D: last line of file ends without a newline
test.h(6): warning:  #1295-D: Deprecated declaration ADCTEST - give arg types
leds.h(52): warning:  #1-D: last line of file ends without a newline
test.c(40): warning:  #61-D: integer operation result is out of range
test.c(41): warning:  #61-D: integer operation result is out of range
test.c(53): warning:  #111-D: statement is unreachable
test.c(65): warning:  #111-D: statement is unreachable
test.c(10): warning:  #550-D: variable "b" was set but never used
test.c(130): warning:  #111-D: statement is unreachable
test.c(165): warning:  #177-D: variable "i" was declared but never referenced
test.c(242): warning:  #177-D: variable "i" was declared but never referenced
test.c(408): warning:  #177-D: variable "LEVEL" was declared but never referenced
compiling timer.c...
leds.h(52): warning:  #1-D: last line of file ends without a newline
timer.c(32): warning:  #177-D: variable "D" was declared but never referenced
timer.c(33): warning:  #177-D: variable "C" was declared but never referenced
timer.c(34): warning:  #177-D: variable "x" was declared but never referenced
timer.c(36): warning:  #177-D: variable "y" was declared but never referenced
timer.c(38): warning:  #177-D: variable "b" was declared but never referenced
timer.c(39): warning:  #177-D: variable "i" was declared but never referenced
timer.c(40): warning:  #177-D: variable "err" was declared but never referenced
compiling FlashDev.c...
compiling FlashPrg.c...
linking...
Program Size: Code=612 RO-data=208 RW-data=4 ZI-data=2148  
FromELF: creating hex file...
"Demo.axf" - 0 Error(s), 60 Warning(s).
Load "C:\\Documents and Settings\\LabUser\\Рабочий стол\\denchik2\\Demo.AXF" 
Internal DLL Error
Load "C:\\Documents and Settings\\LabUser\\Рабочий стол\\denchik2\\Demo.AXF" 
Internal DLL Error
Load "C:\\Documents and Settings\\LabUser\\Рабочий стол\\denchik2\\Demo.AXF" 
Internal DLL Error
Load "C:\\Documents and Settings\\LabUser\\Рабочий стол\\denchik2\\Demo.AXF" 
Internal DLL Error
Load "C:\\Documents and Settings\\LabUser\\Рабочий стол\\denchik2\\Demo.AXF" 
Set JLink Project File to "C:\Documents and Settings\LabUser\Рабочий стол\denchik2\JLinkSettings.ini"
 
JLink info:
------------
DLL: V4.40c, compiled Jan 24 2012 09:30:33
Firmware: J-Link ARM V7 compiled Jun 20 2012 19:45:53
Hardware: V7.00
Feature(s) : RDI, FlashBP, FlashDL, JFlash, GDBFull 
 
* JLink Info: Found SWD-DP with ID 0x2BA01477
* JLink Info: TPIU fitted.
* JLink Info:   FPUnit: 6 code (BP) slots and 2 literal slots
* JLink Info: Found Cortex-M3 r2p0, Little endian.
ROMTableAddr = 0xE00FF003
* JLink Info: Found SWD-DP with ID 0x2BA01477
* JLink Info: TPIU fitted.
* JLink Info:   FPUnit: 6 code (BP) slots and 2 literal slots
* JLink Info: Found Cortex-M3 r2p0, Little endian.
 
Target info:
------------
Device: MDR32F9Q1I
VTarget = 3.242V
State of Pins: 
TCK: 0, TDI: 1, TDO: 0, TMS: 0, TRES: 1, TRST: 1
Hardware-Breakpoints: 6
Software-Breakpoints: 8192
Watchpoints:          4
JTAG speed: 1000 kHz
 
Full Chip Erase Done.
Programming Done.
Verify OK.
* JLink Info: Found SWD-DP with ID 0x2BA01477
* JLink Info: TPIU fitted.
* JLink Info:   FPUnit: 6 code (BP) slots and 2 literal slots
* JLink Info: Found Cortex-M3 r2p0, Little endian.
Application running ...
Rebuild target 'Target 1'
compiling text.c...
systick.h(25): warning:  #1295-D: Deprecated declaration SysTickStop - give arg types
text.c(164): warning:  #167-D: argument of type "uc8 *" is incompatible with parameter of type "const char *"
compiling Font_6x8.c...
compiling Font_7x10_bold.c...
compiling Font_7x10_thin.c...
compiling Font_12x16.c...
compiling gl.c...
compiling joystick.c...
compiling lcd.c...
compiling leds.c...
leds.h(52): warning:  #1-D: last line of file ends without a newline
compiling Main.c...
Main.c(42): warning:  #1-D: last line of file ends without a newline
compiling Menu.c...
leds.h(52): warning:  #1-D: last line of file ends without a newline
test.h(4): warning:  #1295-D: Deprecated declaration COMPINIT - give arg types
test.h(5): warning:  #1295-D: Deprecated declaration PADINIT - give arg types
test.h(6): warning:  #1-D: last line of file ends without a newline
test.h(6): warning:  #1295-D: Deprecated declaration ADCTEST - give arg types
Menu.c(128): warning:  #167-D: argument of type "uc8 *" is incompatible with parameter of type "const char *"
Menu.c(221): warning:  #167-D: argument of type "uc8 *" is incompatible with parameter of type "const char *"
Menu.c(52): warning:  #550-D: variable "ItemNumb" was set but never used
compiling Menu_gl.c...
systick.h(25): warning:  #1295-D: Deprecated declaration SysTickStop - give arg types
Menu_gl.c(189): warning:  #188-D: enumerated type mixed with another type
Menu_gl.c(199): warning:  #188-D: enumerated type mixed with another type
Menu_gl.c(335): warning:  #111-D: statement is unreachable
compiling Menu_leds.c...
leds.h(52): warning:  #1-D: last line of file ends without a newline
compiling Menu_text.c...
Menu_text.c(131): warning:  #167-D: argument of type "char *" is incompatible with parameter of type "uc8 *"
compiling systick.c...
systick.h(25): warning:  #1295-D: Deprecated declaration SysTickStop - give arg types
assembling startup_MPS.s...
compiling analog.c...
leds.h(52): warning:  #1-D: last line of file ends without a newline
analog.c(32): warning:  #177-D: variable "C" was declared but never referenced
analog.c(34): warning:  #177-D: variable "i" was declared but never referenced
analog.c(35): warning:  #177-D: variable "err" was declared but never referenced
analog.c(160): warning:  #177-D: variable "D" was declared but never referenced
analog.c(161): warning:  #177-D: variable "C" was declared but never referenced
analog.c(162): warning:  #177-D: variable "x" was declared but never referenced
analog.c(164): warning:  #177-D: variable "i" was declared but never referenced
analog.c(165): warning:  #177-D: variable "err" was declared but never referenced
analog.c(213): warning:  #177-D: variable "D" was declared but never referenced
analog.c(214): warning:  #177-D: variable "C" was declared but never referenced
analog.c(215): warning:  #177-D: variable "x" was declared but never referenced
analog.c(217): warning:  #177-D: variable "i" was declared but never referenced
analog.c(218): warning:  #177-D: variable "err" was declared but never referenced
compiling uart.c...
leds.h(52): warning:  #1-D: last line of file ends without a newline
uart.c(32): warning:  #177-D: variable "D" was declared but never referenced
uart.c(33): warning:  #177-D: variable "C" was declared but never referenced
uart.c(36): warning:  #177-D: variable "str" was declared but never referenced
uart.c(39): warning:  #177-D: variable "err" was declared but never referenced
compiling test.c...
test.h(4): warning:  #1295-D: Deprecated declaration COMPINIT - give arg types
test.h(5): warning:  #1295-D: Deprecated declaration PADINIT - give arg types
test.h(6): warning:  #1-D: last line of file ends without a newline
test.h(6): warning:  #1295-D: Deprecated declaration ADCTEST - give arg types
leds.h(52): warning:  #1-D: last line of file ends without a newline
test.c(40): warning:  #61-D: integer operation result is out of range
test.c(41): warning:  #61-D: integer operation result is out of range
test.c(53): warning:  #111-D: statement is unreachable
test.c(65): warning:  #111-D: statement is unreachable
test.c(10): warning:  #550-D: variable "b" was set but never used
test.c(130): warning:  #111-D: statement is unreachable
test.c(165): warning:  #177-D: variable "i" was declared but never referenced
test.c(242): warning:  #177-D: variable "i" was declared but never referenced
test.c(408): warning:  #177-D: variable "LEVEL" was declared but never referenced
compiling timer.c...
leds.h(52): warning:  #1-D: last line of file ends without a newline
timer.c(32): warning:  #177-D: variable "D" was declared but never referenced
timer.c(33): warning:  #177-D: variable "C" was declared but never referenced
timer.c(34): warning:  #177-D: variable "x" was declared but never referenced
timer.c(36): warning:  #177-D: variable "y" was declared but never referenced
timer.c(38): warning:  #177-D: variable "b" was declared but never referenced
timer.c(39): warning:  #177-D: variable "i" was declared but never referenced
timer.c(40): warning:  #177-D: variable "err" was declared but never referenced
compiling FlashDev.c...
compiling FlashPrg.c...
linking...
Program Size: Code=612 RO-data=208 RW-data=4 ZI-data=2148  
FromELF: creating hex file...
"Demo.axf" - 0 Error(s), 60 Warning(s).
Load "C:\\Documents and Settings\\LabUser\\Рабочий стол\\denchik2\\Demo.AXF" 
Set JLink Project File to "C:\Documents and Settings\LabUser\Рабочий стол\denchik2\JLinkSettings.ini"
 
JLink info:
------------
DLL: V4.40c, compiled Jan 24 2012 09:30:33
Firmware: J-Link ARM V7 compiled Jun 20 2012 19:45:53
Hardware: V7.00
Feature(s) : RDI, FlashBP, FlashDL, JFlash, GDBFull 
 
* JLink Info: Found SWD-DP with ID 0x2BA01477
* JLink Info: TPIU fitted.
* JLink Info:   FPUnit: 6 code (BP) slots and 2 literal slots
* JLink Info: Found Cortex-M3 r2p0, Little endian.
ROMTableAddr = 0xE00FF003
* JLink Info: Found SWD-DP with ID 0x2BA01477
* JLink Info: TPIU fitted.
* JLink Info:   FPUnit: 6 code (BP) slots and 2 literal slots
* JLink Info: Found Cortex-M3 r2p0, Little endian.
 
Target info:
------------
Device: MDR32F9Q1I
VTarget = 3.242V
State of Pins: 
TCK: 0, TDI: 1, TDO: 0, TMS: 0, TRES: 1, TRST: 1
Hardware-Breakpoints: 6
Software-Breakpoints: 8192
Watchpoints:          4
JTAG speed: 1000 kHz
 
Full Chip Erase Done.
Programming Done.
Verify OK.
* JLink Info: Found SWD-DP with ID 0x2BA01477
* JLink Info: TPIU fitted.
* JLink Info:   FPUnit: 6 code (BP) slots and 2 literal slots
* JLink Info: Found Cortex-M3 r2p0, Little endian.
Application running ...
Rebuild target 'Target 1'
compiling text.c...
systick.h(25): warning:  #1295-D: Deprecated declaration SysTickStop - give arg types
text.c(164): warning:  #167-D: argument of type "uc8 *" is incompatible with parameter of type "const char *"
compiling Font_6x8.c...
compiling Font_7x10_bold.c...
compiling Font_7x10_thin.c...
compiling Font_12x16.c...
compiling gl.c...
compiling joystick.c...
compiling lcd.c...
compiling leds.c...
leds.h(52): warning:  #1-D: last line of file ends without a newline
compiling Main.c...
Main.c(43): warning:  #1-D: last line of file ends without a newline
compiling Menu.c...
leds.h(52): warning:  #1-D: last line of file ends without a newline
test.h(4): warning:  #1295-D: Deprecated declaration COMPINIT - give arg types
test.h(5): warning:  #1295-D: Deprecated declaration PADINIT - give arg types
test.h(6): warning:  #1-D: last line of file ends without a newline
test.h(6): warning:  #1295-D: Deprecated declaration ADCTEST - give arg types
Menu.c(128): warning:  #167-D: argument of type "uc8 *" is incompatible with parameter of type "const char *"
Menu.c(221): warning:  #167-D: argument of type "uc8 *" is incompatible with parameter of type "const char *"
Menu.c(52): warning:  #550-D: variable "ItemNumb" was set but never used
compiling Menu_gl.c...
systick.h(25): warning:  #1295-D: Deprecated declaration SysTickStop - give arg types
Menu_gl.c(189): warning:  #188-D: enumerated type mixed with another type
Menu_gl.c(199): warning:  #188-D: enumerated type mixed with another type
Menu_gl.c(335): warning:  #111-D: statement is unreachable
compiling Menu_leds.c...
leds.h(52): warning:  #1-D: last line of file ends without a newline
compiling Menu_text.c...
Menu_text.c(131): warning:  #167-D: argument of type "char *" is incompatible with parameter of type "uc8 *"
compiling systick.c...
systick.h(25): warning:  #1295-D: Deprecated declaration SysTickStop - give arg types
assembling startup_MPS.s...
compiling analog.c...
leds.h(52): warning:  #1-D: last line of file ends without a newline
analog.c(32): warning:  #177-D: variable "C" was declared but never referenced
analog.c(34): warning:  #177-D: variable "i" was declared but never referenced
analog.c(35): warning:  #177-D: variable "err" was declared but never referenced
analog.c(160): warning:  #177-D: variable "D" was declared but never referenced
analog.c(161): warning:  #177-D: variable "C" was declared but never referenced
analog.c(162): warning:  #177-D: variable "x" was declared but never referenced
analog.c(164): warning:  #177-D: variable "i" was declared but never referenced
analog.c(165): warning:  #177-D: variable "err" was declared but never referenced
analog.c(213): warning:  #177-D: variable "D" was declared but never referenced
analog.c(214): warning:  #177-D: variable "C" was declared but never referenced
analog.c(215): warning:  #177-D: variable "x" was declared but never referenced
analog.c(217): warning:  #177-D: variable "i" was declared but never referenced
analog.c(218): warning:  #177-D: variable "err" was declared but never referenced
compiling uart.c...
leds.h(52): warning:  #1-D: last line of file ends without a newline
uart.c(32): warning:  #177-D: variable "D" was declared but never referenced
uart.c(33): warning:  #177-D: variable "C" was declared but never referenced
uart.c(36): warning:  #177-D: variable "str" was declared but never referenced
uart.c(39): warning:  #177-D: variable "err" was declared but never referenced
compiling test.c...
test.h(4): warning:  #1295-D: Deprecated declaration COMPINIT - give arg types
test.h(5): warning:  #1295-D: Deprecated declaration PADINIT - give arg types
test.h(6): warning:  #1-D: last line of file ends without a newline
test.h(6): warning:  #1295-D: Deprecated declaration ADCTEST - give arg types
leds.h(52): warning:  #1-D: last line of file ends without a newline
test.c(40): warning:  #61-D: integer operation result is out of range
test.c(41): warning:  #61-D: integer operation result is out of range
test.c(53): warning:  #111-D: statement is unreachable
test.c(65): warning:  #111-D: statement is unreachable
test.c(10): warning:  #550-D: variable "b" was set but never used
test.c(130): warning:  #111-D: statement is unreachable
test.c(165): warning:  #177-D: variable "i" was declared but never referenced
test.c(242): warning:  #177-D: variable "i" was declared but never referenced
test.c(408): warning:  #177-D: variable "LEVEL" was declared but never referenced
compiling timer.c...
leds.h(52): warning:  #1-D: last line of file ends without a newline
timer.c(32): warning:  #177-D: variable "D" was declared but never referenced
timer.c(33): warning:  #177-D: variable "C" was declared but never referenced
timer.c(34): warning:  #177-D: variable "x" was declared but never referenced
timer.c(36): warning:  #177-D: variable "y" was declared but never referenced
timer.c(38): warning:  #177-D: variable "b" was declared but never referenced
timer.c(39): warning:  #177-D: variable "i" was declared but never referenced
timer.c(40): warning:  #177-D: variable "err" was declared but never referenced
compiling FlashDev.c...
compiling FlashPrg.c...
linking...
Program Size: Code=624 RO-data=208 RW-data=4 ZI-data=2148  
FromELF: creating hex file...
"Demo.axf" - 0 Error(s), 60 Warning(s).
Load "C:\\Documents and Settings\\LabUser\\Рабочий стол\\denchik2\\Demo.AXF" 
Set JLink Project File to "C:\Documents and Settings\LabUser\Рабочий стол\denchik2\JLinkSettings.ini"
 
JLink info:
------------
DLL: V4.40c, compiled Jan 24 2012 09:30:33
Firmware: J-Link ARM V7 compiled Jun 20 2012 19:45:53
Hardware: V7.00
Feature(s) : RDI, FlashBP, FlashDL, JFlash, GDBFull 
 
* JLink Info: Found SWD-DP with ID 0x2BA01477
* JLink Info: TPIU fitted.
* JLink Info:   FPUnit: 6 code (BP) slots and 2 literal slots
* JLink Info: Found Cortex-M3 r2p0, Little endian.
ROMTableAddr = 0xE00FF003
* JLink Info: Found SWD-DP with ID 0x2BA01477
* JLink Info: TPIU fitted.
* JLink Info:   FPUnit: 6 code (BP) slots and 2 literal slots
* JLink Info: Found Cortex-M3 r2p0, Little endian.
 
Target info:
------------
Device: MDR32F9Q1I
VTarget = 3.242V
State of Pins: 
TCK: 0, TDI: 1, TDO: 0, TMS: 0, TRES: 1, TRST: 1
Hardware-Breakpoints: 6
Software-Breakpoints: 8192
Watchpoints:          4
JTAG speed: 1000 kHz
 
Full Chip Erase Done.
Programming Done.
Verify OK.
* JLink Info: Found SWD-DP with ID 0x2BA01477
* JLink Info: TPIU fitted.
* JLink Info:   FPUnit: 6 code (BP) slots and 2 literal slots
* JLink Info: Found Cortex-M3 r2p0, Little endian.
Application running ...
Load "C:\\Documents and Settings\\LabUser\\Рабочий стол\\denchik2\\Demo.AXF" 
Set JLink Project File to "C:\Documents and Settings\LabUser\Рабочий стол\denchik2\JLinkSettings.ini"
 
JLink info:
------------
DLL: V4.40c, compiled Jan 24 2012 09:30:33
Firmware: J-Link ARM V7 compiled Jun 20 2012 19:45:53
Hardware: V7.00
Feature(s) : RDI, FlashBP, FlashDL, JFlash, GDBFull 
 
* JLink Info: Found SWD-DP with ID 0x2BA01477
* JLink Info: TPIU fitted.
* JLink Info:   FPUnit: 6 code (BP) slots and 2 literal slots
* JLink Info: Found Cortex-M3 r2p0, Little endian.
ROMTableAddr = 0xE00FF003
* JLink Info: Found SWD-DP with ID 0x2BA01477
* JLink Info: TPIU fitted.
* JLink Info:   FPUnit: 6 code (BP) slots and 2 literal slots
* JLink Info: Found Cortex-M3 r2p0, Little endian.
 
Target info:
------------
Device: MDR32F9Q1I
VTarget = 3.242V
State of Pins: 
TCK: 0, TDI: 1, TDO: 0, TMS: 0, TRES: 1, TRST: 1
Hardware-Breakpoints: 6
Software-Breakpoints: 8192
Watchpoints:          4
JTAG speed: 1000 kHz
 
Full Chip Erase Done.
Programming Done.
Verify OK.
* JLink Info: Found SWD-DP with ID 0x2BA01477
* JLink Info: TPIU fitted.
* JLink Info:   FPUnit: 6 code (BP) slots and 2 literal slots
* JLink Info: Found Cortex-M3 r2p0, Little endian.
Application running ...
Load "C:\\Documents and Settings\\LabUser\\Рабочий стол\\denchik2\\Demo.AXF" 
Set JLink Project File to "C:\Documents and Settings\LabUser\Рабочий стол\denchik2\JLinkSettings.ini"
 
JLink info:
------------
DLL: V4.40c, compiled Jan 24 2012 09:30:33
Firmware: J-Link ARM V7 compiled Jun 20 2012 19:45:53
Hardware: V7.00
Feature(s) : RDI, FlashBP, FlashDL, JFlash, GDBFull 
 
* JLink Info: Found SWD-DP with ID 0x2BA01477
* JLink Info: TPIU fitted.
* JLink Info:   FPUnit: 6 code (BP) slots and 2 literal slots
* JLink Info: Found Cortex-M3 r2p0, Little endian.
ROMTableAddr = 0xE00FF003
* JLink Info: Found SWD-DP with ID 0x2BA01477
* JLink Info: TPIU fitted.
* JLink Info:   FPUnit: 6 code (BP) slots and 2 literal slots
* JLink Info: Found Cortex-M3 r2p0, Little endian.
 
Target info:
------------
Device: MDR32F9Q1I
VTarget = 3.242V
State of Pins: 
TCK: 0, TDI: 1, TDO: 0, TMS: 0, TRES: 1, TRST: 1
Hardware-Breakpoints: 6
Software-Breakpoints: 8192
Watchpoints:          4
JTAG speed: 1000 kHz
 
Full Chip Erase Done.
Programming Done.
Verify OK.
* JLink Info: Found SWD-DP with ID 0x2BA01477
* JLink Info: TPIU fitted.
* JLink Info:   FPUnit: 6 code (BP) slots and 2 literal slots
* JLink Info: Found Cortex-M3 r2p0, Little endian.
Application running ...
Load "C:\\Documents and Settings\\LabUser\\Рабочий стол\\denchik2\\Demo.AXF" 
Set JLink Project File to "C:\Documents and Settings\LabUser\Рабочий стол\denchik2\JLinkSettings.ini"
 
JLink info:
------------
DLL: V4.40c, compiled Jan 24 2012 09:30:33
Firmware: J-Link ARM V7 compiled Jun 20 2012 19:45:53
Hardware: V7.00
Feature(s) : RDI, FlashBP, FlashDL, JFlash, GDBFull 
 
* JLink Info: Found SWD-DP with ID 0x2BA01477
* JLink Info: TPIU fitted.
* JLink Info:   FPUnit: 6 code (BP) slots and 2 literal slots
* JLink Info: Found Cortex-M3 r2p0, Little endian.
ROMTableAddr = 0xE00FF003
* JLink Info: Found SWD-DP with ID 0x2BA01477
* JLink Info: TPIU fitted.
* JLink Info:   FPUnit: 6 code (BP) slots and 2 literal slots
* JLink Info: Found Cortex-M3 r2p0, Little endian.
 
Target info:
------------
Device: MDR32F9Q1I
VTarget = 3.242V
State of Pins: 
TCK: 0, TDI: 1, TDO: 0, TMS: 0, TRES: 1, TRST: 1
Hardware-Breakpoints: 6
Software-Breakpoints: 8192
Watchpoints:          4
JTAG speed: 1000 kHz
 
Full Chip Erase Done.
Programming Done.
Verify OK.
* JLink Info: Found SWD-DP with ID 0x2BA01477
* JLink Info: TPIU fitted.
* JLink Info:   FPUnit: 6 code (BP) slots and 2 literal slots
* JLink Info: Found Cortex-M3 r2p0, Little endian.
Application running ...
Load "C:\\Documents and Settings\\LabUser\\Рабочий стол\\denchik2\\Demo.AXF" 
Set JLink Project File to "C:\Documents and Settings\LabUser\Рабочий стол\denchik2\JLinkSettings.ini"
 
JLink info:
------------
DLL: V4.40c, compiled Jan 24 2012 09:30:33
Firmware: J-Link ARM V7 compiled Jun 20 2012 19:45:53
Hardware: V7.00
Feature(s) : RDI, FlashBP, FlashDL, JFlash, GDBFull 
 
* JLink Info: Found SWD-DP with ID 0x2BA01477
* JLink Info: TPIU fitted.
* JLink Info:   FPUnit: 6 code (BP) slots and 2 literal slots
* JLink Info: Found Cortex-M3 r2p0, Little endian.
ROMTableAddr = 0xE00FF003
* JLink Info: Found SWD-DP with ID 0x2BA01477
* JLink Info: TPIU fitted.
* JLink Info:   FPUnit: 6 code (BP) slots and 2 literal slots
* JLink Info: Found Cortex-M3 r2p0, Little endian.
 
Target info:
------------
Device: MDR32F9Q1I
VTarget = 3.242V
State of Pins: 
TCK: 0, TDI: 1, TDO: 0, TMS: 0, TRES: 1, TRST: 1
Hardware-Breakpoints: 6
Software-Breakpoints: 8192
Watchpoints:          4
JTAG speed: 1000 kHz
 
Full Chip Erase Done.
Programming Done.
Verify OK.
* JLink Info: Found SWD-DP with ID 0x2BA01477
* JLink Info: TPIU fitted.
* JLink Info:   FPUnit: 6 code (BP) slots and 2 literal slots
* JLink Info: Found Cortex-M3 r2p0, Little endian.
Application running ...
Load "C:\\Documents and Settings\\LabUser\\Рабочий стол\\denchik2\\Demo.AXF" 
Set JLink Project File to "C:\Documents and Settings\LabUser\Рабочий стол\denchik2\JLinkSettings.ini"
 
JLink info:
------------
DLL: V4.40c, compiled Jan 24 2012 09:30:33
Firmware: J-Link ARM V7 compiled Jun 20 2012 19:45:53
Hardware: V7.00
Feature(s) : RDI, FlashBP, FlashDL, JFlash, GDBFull 
 
* JLink Info: Found SWD-DP with ID 0x2BA01477
* JLink Info: TPIU fitted.
* JLink Info:   FPUnit: 6 code (BP) slots and 2 literal slots
* JLink Info: Found Cortex-M3 r2p0, Little endian.
ROMTableAddr = 0xE00FF003
* JLink Info: Found SWD-DP with ID 0x2BA01477
* JLink Info: TPIU fitted.
* JLink Info:   FPUnit: 6 code (BP) slots and 2 literal slots
* JLink Info: Found Cortex-M3 r2p0, Little endian.
 
Target info:
------------
Device: MDR32F9Q1I
VTarget = 3.242V
State of Pins: 
TCK: 0, TDI: 1, TDO: 0, TMS: 0, TRES: 1, TRST: 1
Hardware-Breakpoints: 6
Software-Breakpoints: 8192
Watchpoints:          4
JTAG speed: 1000 kHz
 
Full Chip Erase Done.
Programming Done.
Verify OK.
* JLink Info: Found SWD-DP with ID 0x2BA01477
* JLink Info: TPIU fitted.
* JLink Info:   FPUnit: 6 code (BP) slots and 2 literal slots
* JLink Info: Found Cortex-M3 r2p0, Little endian.
Application running ...
Load "C:\\Documents and Settings\\LabUser\\Рабочий стол\\denchik2\\Demo.AXF" 
Set JLink Project File to "C:\Documents and Settings\LabUser\Рабочий стол\denchik2\JLinkSettings.ini"
 
JLink info:
------------
DLL: V4.40c, compiled Jan 24 2012 09:30:33
Firmware: J-Link ARM V7 compiled Jun 20 2012 19:45:53
Hardware: V7.00
Feature(s) : RDI, FlashBP, FlashDL, JFlash, GDBFull 
 
* JLink Info: Found SWD-DP with ID 0x2BA01477
* JLink Info: TPIU fitted.
* JLink Info:   FPUnit: 6 code (BP) slots and 2 literal slots
* JLink Info: Found Cortex-M3 r2p0, Little endian.
ROMTableAddr = 0xE00FF003
* JLink Info: Found SWD-DP with ID 0x2BA01477
* JLink Info: TPIU fitted.
* JLink Info:   FPUnit: 6 code (BP) slots and 2 literal slots
* JLink Info: Found Cortex-M3 r2p0, Little endian.
 
Target info:
------------
Device: MDR32F9Q1I
VTarget = 3.242V
State of Pins: 
TCK: 0, TDI: 1, TDO: 0, TMS: 0, TRES: 1, TRST: 1
Hardware-Breakpoints: 6
Software-Breakpoints: 8192
Watchpoints:          4
JTAG speed: 1000 kHz
 
Full Chip Erase Done.
Programming Done.
Verify OK.
* JLink Info: Found SWD-DP with ID 0x2BA01477
* JLink Info: TPIU fitted.
* JLink Info:   FPUnit: 6 code (BP) slots and 2 literal slots
* JLink Info: Found Cortex-M3 r2p0, Little endian.
Application running ...
Load "C:\\Documents and Settings\\LabUser\\Рабочий стол\\denchik2\\Demo.AXF" 
Set JLink Project File to "C:\Documents and Settings\LabUser\Рабочий стол\denchik2\JLinkSettings.ini"
 
JLink info:
------------
DLL: V4.40c, compiled Jan 24 2012 09:30:33
Firmware: J-Link ARM V7 compiled Jun 20 2012 19:45:53
Hardware: V7.00
Feature(s) : RDI, FlashBP, FlashDL, JFlash, GDBFull 
 
* JLink Info: Found SWD-DP with ID 0x2BA01477
* JLink Info: TPIU fitted.
* JLink Info:   FPUnit: 6 code (BP) slots and 2 literal slots
* JLink Info: Found Cortex-M3 r2p0, Little endian.
ROMTableAddr = 0xE00FF003
* JLink Info: Found SWD-DP with ID 0x2BA01477
* JLink Info: TPIU fitted.
* JLink Info:   FPUnit: 6 code (BP) slots and 2 literal slots
* JLink Info: Found Cortex-M3 r2p0, Little endian.
 
Target info:
------------
Device: MDR32F9Q1I
VTarget = 3.248V
State of Pins: 
TCK: 0, TDI: 1, TDO: 0, TMS: 0, TRES: 1, TRST: 1
Hardware-Breakpoints: 6
Software-Breakpoints: 8192
Watchpoints:          4
JTAG speed: 1000 kHz
 
Full Chip Erase Done.
Programming Done.
Verify OK.
* JLink Info: Found SWD-DP with ID 0x2BA01477
* JLink Info: TPIU fitted.
* JLink Info:   FPUnit: 6 code (BP) slots and 2 literal slots
* JLink Info: Found Cortex-M3 r2p0, Little endian.
Application running ...
Load "C:\\Documents and Settings\\LabUser\\Рабочий стол\\denchik2\\Demo.AXF" 
Set JLink Project File to "C:\Documents and Settings\LabUser\Рабочий стол\denchik2\JLinkSettings.ini"
 
JLink info:
------------
DLL: V4.40c, compiled Jan 24 2012 09:30:33
Firmware: J-Link ARM V7 compiled Jun 20 2012 19:45:53
Hardware: V7.00
Feature(s) : RDI, FlashBP, FlashDL, JFlash, GDBFull 
 
* JLink Info: Found SWD-DP with ID 0x2BA01477
* JLink Info: TPIU fitted.
* JLink Info:   FPUnit: 6 code (BP) slots and 2 literal slots
* JLink Info: Found Cortex-M3 r2p0, Little endian.
ROMTableAddr = 0xE00FF003
* JLink Info: Found SWD-DP with ID 0x2BA01477
* JLink Info: TPIU fitted.
* JLink Info:   FPUnit: 6 code (BP) slots and 2 literal slots
* JLink Info: Found Cortex-M3 r2p0, Little endian.
 
Target info:
------------
Device: MDR32F9Q1I
VTarget = 3.242V
State of Pins: 
TCK: 0, TDI: 1, TDO: 0, TMS: 0, TRES: 1, TRST: 1
Hardware-Breakpoints: 6
Software-Breakpoints: 8192
Watchpoints:          4
JTAG speed: 1000 kHz
 
Full Chip Erase Done.
Programming Done.
Verify OK.
* JLink Info: Found SWD-DP with ID 0x2BA01477
* JLink Info: TPIU fitted.
* JLink Info:   FPUnit: 6 code (BP) slots and 2 literal slots
* JLink Info: Found Cortex-M3 r2p0, Little endian.
Application running ...
Load "C:\\Documents and Settings\\LabUser\\Рабочий стол\\denchik2\\Demo.AXF" 
Set JLink Project File to "C:\Documents and Settings\LabUser\Рабочий стол\denchik2\JLinkSettings.ini"
 
JLink info:
------------
DLL: V4.40c, compiled Jan 24 2012 09:30:33
Firmware: J-Link ARM V7 compiled Jun 20 2012 19:45:53
Hardware: V7.00
Feature(s) : RDI, FlashBP, FlashDL, JFlash, GDBFull 
 
* JLink Info: Found SWD-DP with ID 0x2BA01477
* JLink Info: TPIU fitted.
* JLink Info:   FPUnit: 6 code (BP) slots and 2 literal slots
* JLink Info: Found Cortex-M3 r2p0, Little endian.
ROMTableAddr = 0xE00FF003
* JLink Info: Found SWD-DP with ID 0x2BA01477
* JLink Info: TPIU fitted.
* JLink Info:   FPUnit: 6 code (BP) slots and 2 literal slots
* JLink Info: Found Cortex-M3 r2p0, Little endian.
 
Target info:
------------
Device: MDR32F9Q1I
VTarget = 3.242V
State of Pins: 
TCK: 0, TDI: 1, TDO: 0, TMS: 0, TRES: 1, TRST: 1
Hardware-Breakpoints: 6
Software-Breakpoints: 8192
Watchpoints:          4
JTAG speed: 1000 kHz
 
Full Chip Erase Done.
Programming Done.
Verify OK.
* JLink Info: Found SWD-DP with ID 0x2BA01477
* JLink Info: TPIU fitted.
* JLink Info:   FPUnit: 6 code (BP) slots and 2 literal slots
* JLink Info: Found Cortex-M3 r2p0, Little endian.
Application running ...
Load "C:\\Documents and Settings\\LabUser\\Рабочий стол\\denchik2\\Demo.AXF" 
Set JLink Project File to "C:\Documents and Settings\LabUser\Рабочий стол\denchik2\JLinkSettings.ini"
 
JLink info:
------------
DLL: V4.40c, compiled Jan 24 2012 09:30:33
Firmware: J-Link ARM V7 compiled Jun 20 2012 19:45:53
Hardware: V7.00
Feature(s) : RDI, FlashBP, FlashDL, JFlash, GDBFull 
 
* JLink Info: Found SWD-DP with ID 0x2BA01477
* JLink Info: TPIU fitted.
* JLink Info:   FPUnit: 6 code (BP) slots and 2 literal slots
* JLink Info: Found Cortex-M3 r2p0, Little endian.
ROMTableAddr = 0xE00FF003
* JLink Info: Found SWD-DP with ID 0x2BA01477
* JLink Info: TPIU fitted.
* JLink Info:   FPUnit: 6 code (BP) slots and 2 literal slots
* JLink Info: Found Cortex-M3 r2p0, Little endian.
 
Target info:
------------
Device: MDR32F9Q1I
VTarget = 3.242V
State of Pins: 
TCK: 0, TDI: 1, TDO: 0, TMS: 0, TRES: 1, TRST: 1
Hardware-Breakpoints: 6
Software-Breakpoints: 8192
Watchpoints:          4
JTAG speed: 1000 kHz
 
Full Chip Erase Done.
Programming Done.
Verify OK.
* JLink Info: Found SWD-DP with ID 0x2BA01477
* JLink Info: TPIU fitted.
* JLink Info:   FPUnit: 6 code (BP) slots and 2 literal slots
* JLink Info: Found Cortex-M3 r2p0, Little endian.
Application running ...
Load "C:\\Documents and Settings\\LabUser\\Рабочий стол\\denchik2\\Demo.AXF" 
Set JLink Project File to "C:\Documents and Settings\LabUser\Рабочий стол\denchik2\JLinkSettings.ini"
 
JLink info:
------------
DLL: V4.40c, compiled Jan 24 2012 09:30:33
Firmware: J-Link ARM V7 compiled Jun 20 2012 19:45:53
Hardware: V7.00
Feature(s) : RDI, FlashBP, FlashDL, JFlash, GDBFull 
 
* JLink Info: Found SWD-DP with ID 0x2BA01477
* JLink Info: TPIU fitted.
* JLink Info:   FPUnit: 6 code (BP) slots and 2 literal slots
* JLink Info: Found Cortex-M3 r2p0, Little endian.
ROMTableAddr = 0xE00FF003
* JLink Info: Found SWD-DP with ID 0x2BA01477
* JLink Info: TPIU fitted.
* JLink Info:   FPUnit: 6 code (BP) slots and 2 literal slots
* JLink Info: Found Cortex-M3 r2p0, Little endian.
 
Target info:
------------
Device: MDR32F9Q1I
VTarget = 3.248V
State of Pins: 
TCK: 0, TDI: 1, TDO: 0, TMS: 0, TRES: 1, TRST: 1
Hardware-Breakpoints: 6
Software-Breakpoints: 8192
Watchpoints:          4
JTAG speed: 1000 kHz
 
Full Chip Erase Done.
Programming Done.
Verify OK.
* JLink Info: Found SWD-DP with ID 0x2BA01477
* JLink Info: TPIU fitted.
* JLink Info:   FPUnit: 6 code (BP) slots and 2 literal slots
* JLink Info: Found Cortex-M3 r2p0, Little endian.
Application running ...
Load "C:\\Documents and Settings\\LabUser\\Рабочий стол\\denchik2\\Demo.AXF" 
Set JLink Project File to "C:\Documents and Settings\LabUser\Рабочий стол\denchik2\JLinkSettings.ini"
 
JLink info:
------------
DLL: V4.40c, compiled Jan 24 2012 09:30:33
Firmware: J-Link ARM V7 compiled Jun 20 2012 19:45:53
Hardware: V7.00
Feature(s) : RDI, FlashBP, FlashDL, JFlash, GDBFull 
 
* JLink Info: Found SWD-DP with ID 0x2BA01477
* JLink Info: TPIU fitted.
* JLink Info:   FPUnit: 6 code (BP) slots and 2 literal slots
* JLink Info: Found Cortex-M3 r2p0, Little endian.
ROMTableAddr = 0xE00FF003
* JLink Info: Found SWD-DP with ID 0x2BA01477
* JLink Info: TPIU fitted.
* JLink Info:   FPUnit: 6 code (BP) slots and 2 literal slots
* JLink Info: Found Cortex-M3 r2p0, Little endian.
 
Target info:
------------
Device: MDR32F9Q1I
VTarget = 3.242V
State of Pins: 
TCK: 0, TDI: 1, TDO: 0, TMS: 0, TRES: 1, TRST: 1
Hardware-Breakpoints: 6
Software-Breakpoints: 8192
Watchpoints:          4
JTAG speed: 1000 kHz
 
Full Chip Erase Done.
Programming Done.
Verify OK.
* JLink Info: Found SWD-DP with ID 0x2BA01477
* JLink Info: TPIU fitted.
* JLink Info:   FPUnit: 6 code (BP) slots and 2 literal slots
* JLink Info: Found Cortex-M3 r2p0, Little endian.
Application running ...
Load "C:\\Documents and Settings\\LabUser\\Рабочий стол\\denchik2\\Demo.AXF" 
Set JLink Project File to "C:\Documents and Settings\LabUser\Рабочий стол\denchik2\JLinkSettings.ini"
 
JLink info:
------------
DLL: V4.40c, compiled Jan 24 2012 09:30:33
Firmware: J-Link ARM V7 compiled Jun 20 2012 19:45:53
Hardware: V7.00
Feature(s) : RDI, FlashBP, FlashDL, JFlash, GDBFull 
 
* JLink Info: Found SWD-DP with ID 0x2BA01477
* JLink Info: TPIU fitted.
* JLink Info:   FPUnit: 6 code (BP) slots and 2 literal slots
* JLink Info: Found Cortex-M3 r2p0, Little endian.
ROMTableAddr = 0xE00FF003
* JLink Info: Found SWD-DP with ID 0x2BA01477
* JLink Info: TPIU fitted.
* JLink Info:   FPUnit: 6 code (BP) slots and 2 literal slots
* JLink Info: Found Cortex-M3 r2p0, Little endian.
 
Target info:
------------
Device: MDR32F9Q1I
VTarget = 3.242V
State of Pins: 
TCK: 0, TDI: 1, TDO: 0, TMS: 0, TRES: 1, TRST: 1
Hardware-Breakpoints: 6
Software-Breakpoints: 8192
Watchpoints:          4
JTAG speed: 1000 kHz
 
Full Chip Erase Done.
Programming Done.
Verify OK.
* JLink Info: Found SWD-DP with ID 0x2BA01477
* JLink Info: TPIU fitted.
* JLink Info:   FPUnit: 6 code (BP) slots and 2 literal slots
* JLink Info: Found Cortex-M3 r2p0, Little endian.
Application running ...
Load "C:\\Documents and Settings\\LabUser\\Рабочий стол\\denchik2\\Demo.AXF" 
Set JLink Project File to "C:\Documents and Settings\LabUser\Рабочий стол\denchik2\JLinkSettings.ini"
 
JLink info:
------------
DLL: V4.40c, compiled Jan 24 2012 09:30:33
Firmware: J-Link ARM V7 compiled Jun 20 2012 19:45:53
Hardware: V7.00
Feature(s) : RDI, FlashBP, FlashDL, JFlash, GDBFull 
 
* JLink Info: Found SWD-DP with ID 0x2BA01477
* JLink Info: TPIU fitted.
* JLink Info:   FPUnit: 6 code (BP) slots and 2 literal slots
* JLink Info: Found Cortex-M3 r2p0, Little endian.
ROMTableAddr = 0xE00FF003
* JLink Info: Found SWD-DP with ID 0x2BA01477
* JLink Info: TPIU fitted.
* JLink Info:   FPUnit: 6 code (BP) slots and 2 literal slots
* JLink Info: Found Cortex-M3 r2p0, Little endian.
 
Target info:
------------
Device: MDR32F9Q1I
VTarget = 3.248V
State of Pins: 
TCK: 0, TDI: 1, TDO: 0, TMS: 0, TRES: 1, TRST: 1
Hardware-Breakpoints: 6
Software-Breakpoints: 8192
Watchpoints:          4
JTAG speed: 1000 kHz
 
Full Chip Erase Done.
Programming Done.
Verify OK.
* JLink Info: Found SWD-DP with ID 0x2BA01477
* JLink Info: TPIU fitted.
* JLink Info:   FPUnit: 6 code (BP) slots and 2 literal slots
* JLink Info: Found Cortex-M3 r2p0, Little endian.
Application running ...
Rebuild target 'Target 1'
compiling text.c...
systick.h(25): warning:  #1295-D: Deprecated declaration SysTickStop - give arg types
text.c(164): warning:  #167-D: argument of type "uc8 *" is incompatible with parameter of type "const char *"
compiling Font_6x8.c...
compiling Font_7x10_bold.c...
compiling Font_7x10_thin.c...
compiling Font_12x16.c...
compiling gl.c...
compiling joystick.c...
compiling lcd.c...
compiling leds.c...
leds.h(52): warning:  #1-D: last line of file ends without a newline
compiling Main.c...
Main.c(17): error:  #65: expected a ";"
Main.c(43): warning:  #1-D: last line of file ends without a newline
compiling Menu.c...
leds.h(52): warning:  #1-D: last line of file ends without a newline
test.h(4): warning:  #1295-D: Deprecated declaration COMPINIT - give arg types
test.h(5): warning:  #1295-D: Deprecated declaration PADINIT - give arg types
test.h(6): warning:  #1-D: last line of file ends without a newline
test.h(6): warning:  #1295-D: Deprecated declaration ADCTEST - give arg types
Menu.c(128): warning:  #167-D: argument of type "uc8 *" is incompatible with parameter of type "const char *"
Menu.c(221): warning:  #167-D: argument of type "uc8 *" is incompatible with parameter of type "const char *"
Menu.c(52): warning:  #550-D: variable "ItemNumb" was set but never used
compiling Menu_gl.c...
systick.h(25): warning:  #1295-D: Deprecated declaration SysTickStop - give arg types
Menu_gl.c(189): warning:  #188-D: enumerated type mixed with another type
Menu_gl.c(199): warning:  #188-D: enumerated type mixed with another type
Menu_gl.c(335): warning:  #111-D: statement is unreachable
compiling Menu_leds.c...
leds.h(52): warning:  #1-D: last line of file ends without a newline
compiling Menu_text.c...
Menu_text.c(131): warning:  #167-D: argument of type "char *" is incompatible with parameter of type "uc8 *"
compiling systick.c...
systick.h(25): warning:  #1295-D: Deprecated declaration SysTickStop - give arg types
assembling startup_MPS.s...
compiling analog.c...
leds.h(52): warning:  #1-D: last line of file ends without a newline
analog.c(32): warning:  #177-D: variable "C" was declared but never referenced
analog.c(34): warning:  #177-D: variable "i" was declared but never referenced
analog.c(35): warning:  #177-D: variable "err" was declared but never referenced
analog.c(160): warning:  #177-D: variable "D" was declared but never referenced
analog.c(161): warning:  #177-D: variable "C" was declared but never referenced
analog.c(162): warning:  #177-D: variable "x" was declared but never referenced
analog.c(164): warning:  #177-D: variable "i" was declared but never referenced
analog.c(165): warning:  #177-D: variable "err" was declared but never referenced
analog.c(213): warning:  #177-D: variable "D" was declared but never referenced
analog.c(214): warning:  #177-D: variable "C" was declared but never referenced
analog.c(215): warning:  #177-D: variable "x" was declared but never referenced
analog.c(217): warning:  #177-D: variable "i" was declared but never referenced
analog.c(218): warning:  #177-D: variable "err" was declared but never referenced
compiling uart.c...
leds.h(52): warning:  #1-D: last line of file ends without a newline
uart.c(32): warning:  #177-D: variable "D" was declared but never referenced
uart.c(33): warning:  #177-D: variable "C" was declared but never referenced
uart.c(36): warning:  #177-D: variable "str" was declared but never referenced
uart.c(39): warning:  #177-D: variable "err" was declared but never referenced
compiling test.c...
test.h(4): warning:  #1295-D: Deprecated declaration COMPINIT - give arg types
test.h(5): warning:  #1295-D: Deprecated declaration PADINIT - give arg types
test.h(6): warning:  #1-D: last line of file ends without a newline
test.h(6): warning:  #1295-D: Deprecated declaration ADCTEST - give arg types
leds.h(52): warning:  #1-D: last line of file ends without a newline
test.c(40): warning:  #61-D: integer operation result is out of range
test.c(41): warning:  #61-D: integer operation result is out of range
test.c(53): warning:  #111-D: statement is unreachable
test.c(65): warning:  #111-D: statement is unreachable
test.c(10): warning:  #550-D: variable "b" was set but never used
test.c(130): warning:  #111-D: statement is unreachable
test.c(165): warning:  #177-D: variable "i" was declared but never referenced
test.c(242): warning:  #177-D: variable "i" was declared but never referenced
test.c(408): warning:  #177-D: variable "LEVEL" was declared but never referenced
compiling timer.c...
leds.h(52): warning:  #1-D: last line of file ends without a newline
timer.c(32): warning:  #177-D: variable "D" was declared but never referenced
timer.c(33): warning:  #177-D: variable "C" was declared but never referenced
timer.c(34): warning:  #177-D: variable "x" was declared but never referenced
timer.c(36): warning:  #177-D: variable "y" was declared but never referenced
timer.c(38): warning:  #177-D: variable "b" was declared but never referenced
timer.c(39): warning:  #177-D: variable "i" was declared but never referenced
timer.c(40): warning:  #177-D: variable "err" was declared but never referenced
compiling FlashDev.c...
compiling FlashPrg.c...
Target not created
Rebuild target 'Target 1'
compiling text.c...
systick.h(25): warning:  #1295-D: Deprecated declaration SysTickStop - give arg types
text.c(164): warning:  #167-D: argument of type "uc8 *" is incompatible with parameter of type "const char *"
compiling Font_6x8.c...
compiling Font_7x10_bold.c...
compiling Font_7x10_thin.c...
compiling Font_12x16.c...
compiling gl.c...
compiling joystick.c...
compiling lcd.c...
compiling leds.c...
leds.h(52): warning:  #1-D: last line of file ends without a newline
compiling Main.c...
Main.c(43): warning:  #1-D: last line of file ends without a newline
compiling Menu.c...
leds.h(52): warning:  #1-D: last line of file ends without a newline
test.h(4): warning:  #1295-D: Deprecated declaration COMPINIT - give arg types
test.h(5): warning:  #1295-D: Deprecated declaration PADINIT - give arg types
test.h(6): warning:  #1-D: last line of file ends without a newline
test.h(6): warning:  #1295-D: Deprecated declaration ADCTEST - give arg types
Menu.c(128): warning:  #167-D: argument of type "uc8 *" is incompatible with parameter of type "const char *"
Menu.c(221): warning:  #167-D: argument of type "uc8 *" is incompatible with parameter of type "const char *"
Menu.c(52): warning:  #550-D: variable "ItemNumb" was set but never used
compiling Menu_gl.c...
systick.h(25): warning:  #1295-D: Deprecated declaration SysTickStop - give arg types
Menu_gl.c(189): warning:  #188-D: enumerated type mixed with another type
Menu_gl.c(199): warning:  #188-D: enumerated type mixed with another type
Menu_gl.c(335): warning:  #111-D: statement is unreachable
compiling Menu_leds.c...
leds.h(52): warning:  #1-D: last line of file ends without a newline
compiling Menu_text.c...
Menu_text.c(131): warning:  #167-D: argument of type "char *" is incompatible with parameter of type "uc8 *"
compiling systick.c...
systick.h(25): warning:  #1295-D: Deprecated declaration SysTickStop - give arg types
assembling startup_MPS.s...
compiling analog.c...
leds.h(52): warning:  #1-D: last line of file ends without a newline
analog.c(32): warning:  #177-D: variable "C" was declared but never referenced
analog.c(34): warning:  #177-D: variable "i" was declared but never referenced
analog.c(35): warning:  #177-D: variable "err" was declared but never referenced
analog.c(160): warning:  #177-D: variable "D" was declared but never referenced
analog.c(161): warning:  #177-D: variable "C" was declared but never referenced
analog.c(162): warning:  #177-D: variable "x" was declared but never referenced
analog.c(164): warning:  #177-D: variable "i" was declared but never referenced
analog.c(165): warning:  #177-D: variable "err" was declared but never referenced
analog.c(213): warning:  #177-D: variable "D" was declared but never referenced
analog.c(214): warning:  #177-D: variable "C" was declared but never referenced
analog.c(215): warning:  #177-D: variable "x" was declared but never referenced
analog.c(217): warning:  #177-D: variable "i" was declared but never referenced
analog.c(218): warning:  #177-D: variable "err" was declared but never referenced
compiling uart.c...
leds.h(52): warning:  #1-D: last line of file ends without a newline
uart.c(32): warning:  #177-D: variable "D" was declared but never referenced
uart.c(33): warning:  #177-D: variable "C" was declared but never referenced
uart.c(36): warning:  #177-D: variable "str" was declared but never referenced
uart.c(39): warning:  #177-D: variable "err" was declared but never referenced
compiling test.c...
test.h(4): warning:  #1295-D: Deprecated declaration COMPINIT - give arg types
test.h(5): warning:  #1295-D: Deprecated declaration PADINIT - give arg types
test.h(6): warning:  #1-D: last line of file ends without a newline
test.h(6): warning:  #1295-D: Deprecated declaration ADCTEST - give arg types
leds.h(52): warning:  #1-D: last line of file ends without a newline
test.c(40): warning:  #61-D: integer operation result is out of range
test.c(41): warning:  #61-D: integer operation result is out of range
test.c(53): warning:  #111-D: statement is unreachable
test.c(65): warning:  #111-D: statement is unreachable
test.c(10): warning:  #550-D: variable "b" was set but never used
test.c(130): warning:  #111-D: statement is unreachable
test.c(165): warning:  #177-D: variable "i" was declared but never referenced
test.c(242): warning:  #177-D: variable "i" was declared but never referenced
test.c(408): warning:  #177-D: variable "LEVEL" was declared but never referenced
compiling timer.c...
leds.h(52): warning:  #1-D: last line of file ends without a newline
timer.c(32): warning:  #177-D: variable "D" was declared but never referenced
timer.c(33): warning:  #177-D: variable "C" was declared but never referenced
timer.c(34): warning:  #177-D: variable "x" was declared but never referenced
timer.c(36): warning:  #177-D: variable "y" was declared but never referenced
timer.c(38): warning:  #177-D: variable "b" was declared but never referenced
timer.c(39): warning:  #177-D: variable "i" was declared but never referenced
timer.c(40): warning:  #177-D: variable "err" was declared but never referenced
compiling FlashDev.c...
compiling FlashPrg.c...
linking...
Program Size: Code=624 RO-data=208 RW-data=4 ZI-data=2148  
FromELF: creating hex file...
"Demo.axf" - 0 Error(s), 60 Warning(s).
Load "C:\\Documents and Settings\\LabUser\\Рабочий стол\\denchik2\\Demo.AXF" 
Set JLink Project File to "C:\Documents and Settings\LabUser\Рабочий стол\denchik2\JLinkSettings.ini"
 
JLink info:
------------
DLL: V4.40c, compiled Jan 24 2012 09:30:33
Firmware: J-Link ARM V7 compiled Jun 20 2012 19:45:53
Hardware: V7.00
Feature(s) : RDI, FlashBP, FlashDL, JFlash, GDBFull 
 
* JLink Info: Found SWD-DP with ID 0x2BA01477
* JLink Info: TPIU fitted.
* JLink Info:   FPUnit: 6 code (BP) slots and 2 literal slots
* JLink Info: Found Cortex-M3 r2p0, Little endian.
ROMTableAddr = 0xE00FF003
* JLink Info: Found SWD-DP with ID 0x2BA01477
* JLink Info: TPIU fitted.
* JLink Info:   FPUnit: 6 code (BP) slots and 2 literal slots
* JLink Info: Found Cortex-M3 r2p0, Little endian.
 
Target info:
------------
Device: MDR32F9Q1I
VTarget = 3.248V
State of Pins: 
TCK: 0, TDI: 1, TDO: 0, TMS: 0, TRES: 1, TRST: 1
Hardware-Breakpoints: 6
Software-Breakpoints: 8192
Watchpoints:          4
JTAG speed: 1000 kHz
 
Full Chip Erase Done.
Programming Done.
Verify OK.
* JLink Info: Found SWD-DP with ID 0x2BA01477
* JLink Info: TPIU fitted.
* JLink Info:   FPUnit: 6 code (BP) slots and 2 literal slots
* JLink Info: Found Cortex-M3 r2p0, Little endian.
Application running ...
Rebuild target 'Target 1'
compiling text.c...
systick.h(25): warning:  #1295-D: Deprecated declaration SysTickStop - give arg types
text.c(164): warning:  #167-D: argument of type "uc8 *" is incompatible with parameter of type "const char *"
compiling Font_6x8.c...
compiling Font_7x10_bold.c...
compiling Font_7x10_thin.c...
compiling Font_12x16.c...
compiling gl.c...
compiling joystick.c...
compiling lcd.c...
compiling leds.c...
leds.h(52): warning:  #1-D: last line of file ends without a newline
compiling Main.c...
Main.c(43): warning:  #1-D: last line of file ends without a newline
compiling Menu.c...
leds.h(52): warning:  #1-D: last line of file ends without a newline
test.h(4): warning:  #1295-D: Deprecated declaration COMPINIT - give arg types
test.h(5): warning:  #1295-D: Deprecated declaration PADINIT - give arg types
test.h(6): warning:  #1-D: last line of file ends without a newline
test.h(6): warning:  #1295-D: Deprecated declaration ADCTEST - give arg types
Menu.c(128): warning:  #167-D: argument of type "uc8 *" is incompatible with parameter of type "const char *"
Menu.c(221): warning:  #167-D: argument of type "uc8 *" is incompatible with parameter of type "const char *"
Menu.c(52): warning:  #550-D: variable "ItemNumb" was set but never used
compiling Menu_gl.c...
systick.h(25): warning:  #1295-D: Deprecated declaration SysTickStop - give arg types
Menu_gl.c(189): warning:  #188-D: enumerated type mixed with another type
Menu_gl.c(199): warning:  #188-D: enumerated type mixed with another type
Menu_gl.c(335): warning:  #111-D: statement is unreachable
compiling Menu_leds.c...
leds.h(52): warning:  #1-D: last line of file ends without a newline
compiling Menu_text.c...
Menu_text.c(131): warning:  #167-D: argument of type "char *" is incompatible with parameter of type "uc8 *"
compiling systick.c...
systick.h(25): warning:  #1295-D: Deprecated declaration SysTickStop - give arg types
assembling startup_MPS.s...
compiling analog.c...
leds.h(52): warning:  #1-D: last line of file ends without a newline
analog.c(32): warning:  #177-D: variable "C" was declared but never referenced
analog.c(34): warning:  #177-D: variable "i" was declared but never referenced
analog.c(35): warning:  #177-D: variable "err" was declared but never referenced
analog.c(160): warning:  #177-D: variable "D" was declared but never referenced
analog.c(161): warning:  #177-D: variable "C" was declared but never referenced
analog.c(162): warning:  #177-D: variable "x" was declared but never referenced
analog.c(164): warning:  #177-D: variable "i" was declared but never referenced
analog.c(165): warning:  #177-D: variable "err" was declared but never referenced
analog.c(213): warning:  #177-D: variable "D" was declared but never referenced
analog.c(214): warning:  #177-D: variable "C" was declared but never referenced
analog.c(215): warning:  #177-D: variable "x" was declared but never referenced
analog.c(217): warning:  #177-D: variable "i" was declared but never referenced
analog.c(218): warning:  #177-D: variable "err" was declared but never referenced
compiling uart.c...
leds.h(52): warning:  #1-D: last line of file ends without a newline
uart.c(32): warning:  #177-D: variable "D" was declared but never referenced
uart.c(33): warning:  #177-D: variable "C" was declared but never referenced
uart.c(36): warning:  #177-D: variable "str" was declared but never referenced
uart.c(39): warning:  #177-D: variable "err" was declared but never referenced
compiling test.c...
test.h(4): warning:  #1295-D: Deprecated declaration COMPINIT - give arg types
test.h(5): warning:  #1295-D: Deprecated declaration PADINIT - give arg types
test.h(6): warning:  #1-D: last line of file ends without a newline
test.h(6): warning:  #1295-D: Deprecated declaration ADCTEST - give arg types
leds.h(52): warning:  #1-D: last line of file ends without a newline
test.c(40): warning:  #61-D: integer operation result is out of range
test.c(41): warning:  #61-D: integer operation result is out of range
test.c(53): warning:  #111-D: statement is unreachable
test.c(65): warning:  #111-D: statement is unreachable
test.c(10): warning:  #550-D: variable "b" was set but never used
test.c(130): warning:  #111-D: statement is unreachable
test.c(165): warning:  #177-D: variable "i" was declared but never referenced
test.c(242): warning:  #177-D: variable "i" was declared but never referenced
test.c(408): warning:  #177-D: variable "LEVEL" was declared but never referenced
compiling timer.c...
leds.h(52): warning:  #1-D: last line of file ends without a newline
timer.c(32): warning:  #177-D: variable "D" was declared but never referenced
timer.c(33): warning:  #177-D: variable "C" was declared but never referenced
timer.c(34): warning:  #177-D: variable "x" was declared but never referenced
timer.c(36): warning:  #177-D: variable "y" was declared but never referenced
timer.c(38): warning:  #177-D: variable "b" was declared but never referenced
timer.c(39): warning:  #177-D: variable "i" was declared but never referenced
timer.c(40): warning:  #177-D: variable "err" was declared but never referenced
compiling FlashDev.c...
compiling FlashPrg.c...
linking...
Program Size: Code=628 RO-data=208 RW-data=4 ZI-data=2148  
FromELF: creating hex file...
"Demo.axf" - 0 Error(s), 60 Warning(s).
Load "C:\\Documents and Settings\\LabUser\\Рабочий стол\\denchik2\\Demo.AXF" 
Set JLink Project File to "C:\Documents and Settings\LabUser\Рабочий стол\denchik2\JLinkSettings.ini"
 
JLink info:
------------
DLL: V4.40c, compiled Jan 24 2012 09:30:33
Firmware: J-Link ARM V7 compiled Jun 20 2012 19:45:53
Hardware: V7.00
Feature(s) : RDI, FlashBP, FlashDL, JFlash, GDBFull 
 
* JLink Info: Found SWD-DP with ID 0x2BA01477
* JLink Info: TPIU fitted.
* JLink Info:   FPUnit: 6 code (BP) slots and 2 literal slots
* JLink Info: Found Cortex-M3 r2p0, Little endian.
ROMTableAddr = 0xE00FF003
* JLink Info: Found SWD-DP with ID 0x2BA01477
* JLink Info: TPIU fitted.
* JLink Info:   FPUnit: 6 code (BP) slots and 2 literal slots
* JLink Info: Found Cortex-M3 r2p0, Little endian.
 
Target info:
------------
Device: MDR32F9Q1I
VTarget = 3.248V
State of Pins: 
TCK: 0, TDI: 1, TDO: 0, TMS: 0, TRES: 1, TRST: 1
Hardware-Breakpoints: 6
Software-Breakpoints: 8192
Watchpoints:          4
JTAG speed: 1000 kHz
 
Full Chip Erase Done.
Programming Done.
Verify OK.
* JLink Info: Found SWD-DP with ID 0x2BA01477
* JLink Info: TPIU fitted.
* JLink Info:   FPUnit: 6 code (BP) slots and 2 literal slots
* JLink Info: Found Cortex-M3 r2p0, Little endian.
Application running ...
Load "C:\\Documents and Settings\\LabUser\\Рабочий стол\\denchik2\\Demo.AXF" 
Set JLink Project File to "C:\Documents and Settings\LabUser\Рабочий стол\denchik2\JLinkSettings.ini"
 
JLink info:
------------
DLL: V4.40c, compiled Jan 24 2012 09:30:33
Firmware: J-Link ARM V7 compiled Jun 20 2012 19:45:53
Hardware: V7.00
Feature(s) : RDI, FlashBP, FlashDL, JFlash, GDBFull 
 
* JLink Info: Found SWD-DP with ID 0x2BA01477
* JLink Info: TPIU fitted.
* JLink Info:   FPUnit: 6 code (BP) slots and 2 literal slots
* JLink Info: Found Cortex-M3 r2p0, Little endian.
ROMTableAddr = 0xE00FF003
* JLink Info: Found SWD-DP with ID 0x2BA01477
* JLink Info: TPIU fitted.
* JLink Info:   FPUnit: 6 code (BP) slots and 2 literal slots
* JLink Info: Found Cortex-M3 r2p0, Little endian.
 
Target info:
------------
Device: MDR32F9Q1I
VTarget = 3.242V
State of Pins: 
TCK: 0, TDI: 1, TDO: 0, TMS: 0, TRES: 1, TRST: 1
Hardware-Breakpoints: 6
Software-Breakpoints: 8192
Watchpoints:          4
JTAG speed: 1000 kHz
 
Full Chip Erase Done.
Programming Done.
Verify OK.
* JLink Info: Found SWD-DP with ID 0x2BA01477
* JLink Info: TPIU fitted.
* JLink Info:   FPUnit: 6 code (BP) slots and 2 literal slots
* JLink Info: Found Cortex-M3 r2p0, Little endian.
Application running ...
Load "C:\\Documents and Settings\\LabUser\\Рабочий стол\\denchik2\\Demo.AXF" 
Set JLink Project File to "C:\Documents and Settings\LabUser\Рабочий стол\denchik2\JLinkSettings.ini"
 
JLink info:
------------
DLL: V4.40c, compiled Jan 24 2012 09:30:33
Firmware: J-Link ARM V7 compiled Jun 20 2012 19:45:53
Hardware: V7.00
Feature(s) : RDI, FlashBP, FlashDL, JFlash, GDBFull 
 
* JLink Info: Found SWD-DP with ID 0x2BA01477
* JLink Info: TPIU fitted.
* JLink Info:   FPUnit: 6 code (BP) slots and 2 literal slots
* JLink Info: Found Cortex-M3 r2p0, Little endian.
ROMTableAddr = 0xE00FF003
* JLink Info: Found SWD-DP with ID 0x2BA01477
* JLink Info: TPIU fitted.
* JLink Info:   FPUnit: 6 code (BP) slots and 2 literal slots
* JLink Info: Found Cortex-M3 r2p0, Little endian.
 
Target info:
------------
Device: MDR32F9Q1I
VTarget = 3.242V
State of Pins: 
TCK: 0, TDI: 1, TDO: 0, TMS: 0, TRES: 1, TRST: 1
Hardware-Breakpoints: 6
Software-Breakpoints: 8192
Watchpoints:          4
JTAG speed: 1000 kHz
 
Full Chip Erase Done.
Programming Done.
Verify OK.
* JLink Info: Found SWD-DP with ID 0x2BA01477
* JLink Info: TPIU fitted.
* JLink Info:   FPUnit: 6 code (BP) slots and 2 literal slots
* JLink Info: Found Cortex-M3 r2p0, Little endian.
Application running ...
Load "C:\\Documents and Settings\\LabUser\\Рабочий стол\\denchik2\\Demo.AXF" 
Set JLink Project File to "C:\Documents and Settings\LabUser\Рабочий стол\denchik2\JLinkSettings.ini"
 
JLink info:
------------
DLL: V4.40c, compiled Jan 24 2012 09:30:33
Firmware: J-Link ARM V7 compiled Jun 20 2012 19:45:53
Hardware: V7.00
Feature(s) : RDI, FlashBP, FlashDL, JFlash, GDBFull 
 
* JLink Info: Found SWD-DP with ID 0x2BA01477
* JLink Info: TPIU fitted.
* JLink Info:   FPUnit: 6 code (BP) slots and 2 literal slots
* JLink Info: Found Cortex-M3 r2p0, Little endian.
ROMTableAddr = 0xE00FF003
* JLink Info: Found SWD-DP with ID 0x2BA01477
* JLink Info: TPIU fitted.
* JLink Info:   FPUnit: 6 code (BP) slots and 2 literal slots
* JLink Info: Found Cortex-M3 r2p0, Little endian.
 
Target info:
------------
Device: MDR32F9Q1I
VTarget = 3.242V
State of Pins: 
TCK: 0, TDI: 1, TDO: 0, TMS: 0, TRES: 1, TRST: 1
Hardware-Breakpoints: 6
Software-Breakpoints: 8192
Watchpoints:          4
JTAG speed: 1000 kHz
 
Full Chip Erase Done.
Programming Done.
Verify OK.
* JLink Info: Found SWD-DP with ID 0x2BA01477
* JLink Info: TPIU fitted.
* JLink Info:   FPUnit: 6 code (BP) slots and 2 literal slots
* JLink Info: Found Cortex-M3 r2p0, Little endian.
Application running ...
Load "C:\\Documents and Settings\\LabUser\\Рабочий стол\\denchik2\\Demo.AXF" 
Set JLink Project File to "C:\Documents and Settings\LabUser\Рабочий стол\denchik2\JLinkSettings.ini"
 
JLink info:
------------
DLL: V4.40c, compiled Jan 24 2012 09:30:33
Firmware: J-Link ARM V7 compiled Jun 20 2012 19:45:53
Hardware: V7.00
Feature(s) : RDI, FlashBP, FlashDL, JFlash, GDBFull 
 
* JLink Info: Found SWD-DP with ID 0x2BA01477
* JLink Info: TPIU fitted.
* JLink Info:   FPUnit: 6 code (BP) slots and 2 literal slots
* JLink Info: Found Cortex-M3 r2p0, Little endian.
ROMTableAddr = 0xE00FF003
* JLink Info: Found SWD-DP with ID 0x2BA01477
* JLink Info: TPIU fitted.
* JLink Info:   FPUnit: 6 code (BP) slots and 2 literal slots
* JLink Info: Found Cortex-M3 r2p0, Little endian.
 
Target info:
------------
Device: MDR32F9Q1I
VTarget = 3.242V
State of Pins: 
TCK: 0, TDI: 1, TDO: 0, TMS: 0, TRES: 1, TRST: 1
Hardware-Breakpoints: 6
Software-Breakpoints: 8192
Watchpoints:          4
JTAG speed: 1000 kHz
 
Full Chip Erase Done.
Programming Done.
Verify OK.
* JLink Info: Found SWD-DP with ID 0x2BA01477
* JLink Info: TPIU fitted.
* JLink Info:   FPUnit: 6 code (BP) slots and 2 literal slots
* JLink Info: Found Cortex-M3 r2p0, Little endian.
Application running ...
Load "C:\\Documents and Settings\\LabUser\\Рабочий стол\\denchik2\\Demo.AXF" 
Set JLink Project File to "C:\Documents and Settings\LabUser\Рабочий стол\denchik2\JLinkSettings.ini"
 
JLink info:
------------
DLL: V4.40c, compiled Jan 24 2012 09:30:33
Firmware: J-Link ARM V7 compiled Jun 20 2012 19:45:53
Hardware: V7.00
Feature(s) : RDI, FlashBP, FlashDL, JFlash, GDBFull 
 
* JLink Info: Found SWD-DP with ID 0x2BA01477
* JLink Info: TPIU fitted.
* JLink Info:   FPUnit: 6 code (BP) slots and 2 literal slots
* JLink Info: Found Cortex-M3 r2p0, Little endian.
ROMTableAddr = 0xE00FF003
* JLink Info: Found SWD-DP with ID 0x2BA01477
* JLink Info: TPIU fitted.
* JLink Info:   FPUnit: 6 code (BP) slots and 2 literal slots
* JLink Info: Found Cortex-M3 r2p0, Little endian.
 
Target info:
------------
Device: MDR32F9Q1I
VTarget = 3.242V
State of Pins: 
TCK: 0, TDI: 1, TDO: 0, TMS: 0, TRES: 1, TRST: 1
Hardware-Breakpoints: 6
Software-Breakpoints: 8192
Watchpoints:          4
JTAG speed: 1000 kHz
 
Full Chip Erase Done.
Programming Done.
Verify OK.
* JLink Info: Found SWD-DP with ID 0x2BA01477
* JLink Info: TPIU fitted.
* JLink Info:   FPUnit: 6 code (BP) slots and 2 literal slots
* JLink Info: Found Cortex-M3 r2p0, Little endian.
Application running ...
Load "C:\\Documents and Settings\\LabUser\\Рабочий стол\\denchik2\\Demo.AXF" 
Set JLink Project File to "C:\Documents and Settings\LabUser\Рабочий стол\denchik2\JLinkSettings.ini"
 
JLink info:
------------
DLL: V4.40c, compiled Jan 24 2012 09:30:33
Firmware: J-Link ARM V7 compiled Jun 20 2012 19:45:53
Hardware: V7.00
Feature(s) : RDI, FlashBP, FlashDL, JFlash, GDBFull 
 
* JLink Info: Found SWD-DP with ID 0x2BA01477
* JLink Info: TPIU fitted.
* JLink Info:   FPUnit: 6 code (BP) slots and 2 literal slots
* JLink Info: Found Cortex-M3 r2p0, Little endian.
ROMTableAddr = 0xE00FF003
* JLink Info: Found SWD-DP with ID 0x2BA01477
* JLink Info: TPIU fitted.
* JLink Info:   FPUnit: 6 code (BP) slots and 2 literal slots
* JLink Info: Found Cortex-M3 r2p0, Little endian.
 
Target info:
------------
Device: MDR32F9Q1I
VTarget = 3.242V
State of Pins: 
TCK: 0, TDI: 1, TDO: 0, TMS: 0, TRES: 1, TRST: 1
Hardware-Breakpoints: 6
Software-Breakpoints: 8192
Watchpoints:          4
JTAG speed: 1000 kHz
 
Full Chip Erase Done.
Programming Done.
Verify OK.
* JLink Info: Found SWD-DP with ID 0x2BA01477
* JLink Info: TPIU fitted.
* JLink Info:   FPUnit: 6 code (BP) slots and 2 literal slots
* JLink Info: Found Cortex-M3 r2p0, Little endian.
Application running ...
Load "C:\\Documents and Settings\\LabUser\\Рабочий стол\\denchik2\\Demo.AXF" 
Set JLink Project File to "C:\Documents and Settings\LabUser\Рабочий стол\denchik2\JLinkSettings.ini"
 
JLink info:
------------
DLL: V4.40c, compiled Jan 24 2012 09:30:33
Firmware: J-Link ARM V7 compiled Jun 20 2012 19:45:53
Hardware: V7.00
Feature(s) : RDI, FlashBP, FlashDL, JFlash, GDBFull 
 
* JLink Info: Found SWD-DP with ID 0x2BA01477
* JLink Info: TPIU fitted.
* JLink Info:   FPUnit: 6 code (BP) slots and 2 literal slots
* JLink Info: Found Cortex-M3 r2p0, Little endian.
ROMTableAddr = 0xE00FF003
* JLink Info: Found SWD-DP with ID 0x2BA01477
* JLink Info: TPIU fitted.
* JLink Info:   FPUnit: 6 code (BP) slots and 2 literal slots
* JLink Info: Found Cortex-M3 r2p0, Little endian.
 
Target info:
------------
Device: MDR32F9Q1I
VTarget = 3.242V
State of Pins: 
TCK: 0, TDI: 1, TDO: 0, TMS: 0, TRES: 1, TRST: 1
Hardware-Breakpoints: 6
Software-Breakpoints: 8192
Watchpoints:          4
JTAG speed: 1000 kHz
 
Full Chip Erase Done.
Programming Done.
Verify OK.
* JLink Info: Found SWD-DP with ID 0x2BA01477
* JLink Info: TPIU fitted.
* JLink Info:   FPUnit: 6 code (BP) slots and 2 literal slots
* JLink Info: Found Cortex-M3 r2p0, Little endian.
Application running ...
Load "C:\\Documents and Settings\\LabUser\\Рабочий стол\\denchik2\\Demo.AXF" 
Set JLink Project File to "C:\Documents and Settings\LabUser\Рабочий стол\denchik2\JLinkSettings.ini"
 
JLink info:
------------
DLL: V4.40c, compiled Jan 24 2012 09:30:33
Firmware: J-Link ARM V7 compiled Jun 20 2012 19:45:53
Hardware: V7.00
Feature(s) : RDI, FlashBP, FlashDL, JFlash, GDBFull 
 
* JLink Info: Found SWD-DP with ID 0x2BA01477
* JLink Info: TPIU fitted.
* JLink Info:   FPUnit: 6 code (BP) slots and 2 literal slots
* JLink Info: Found Cortex-M3 r2p0, Little endian.
ROMTableAddr = 0xE00FF003
* JLink Info: Found SWD-DP with ID 0x2BA01477
* JLink Info: TPIU fitted.
* JLink Info:   FPUnit: 6 code (BP) slots and 2 literal slots
* JLink Info: Found Cortex-M3 r2p0, Little endian.
 
Target info:
------------
Device: MDR32F9Q1I
VTarget = 3.242V
State of Pins: 
TCK: 0, TDI: 1, TDO: 0, TMS: 0, TRES: 1, TRST: 1
Hardware-Breakpoints: 6
Software-Breakpoints: 8192
Watchpoints:          4
JTAG speed: 1000 kHz
 
Full Chip Erase Done.
Programming Done.
Verify OK.
* JLink Info: Found SWD-DP with ID 0x2BA01477
* JLink Info: TPIU fitted.
* JLink Info:   FPUnit: 6 code (BP) slots and 2 literal slots
* JLink Info: Found Cortex-M3 r2p0, Little endian.
Application running ...
Load "C:\\Documents and Settings\\LabUser\\Рабочий стол\\denchik2\\Demo.AXF" 
Set JLink Project File to "C:\Documents and Settings\LabUser\Рабочий стол\denchik2\JLinkSettings.ini"
 
JLink info:
------------
DLL: V4.40c, compiled Jan 24 2012 09:30:33
Firmware: J-Link ARM V7 compiled Jun 20 2012 19:45:53
Hardware: V7.00
Feature(s) : RDI, FlashBP, FlashDL, JFlash, GDBFull 
 
* JLink Info: Found SWD-DP with ID 0x2BA01477
* JLink Info: TPIU fitted.
* JLink Info:   FPUnit: 6 code (BP) slots and 2 literal slots
* JLink Info: Found Cortex-M3 r2p0, Little endian.
ROMTableAddr = 0xE00FF003
* JLink Info: Found SWD-DP with ID 0x2BA01477
* JLink Info: TPIU fitted.
* JLink Info:   FPUnit: 6 code (BP) slots and 2 literal slots
* JLink Info: Found Cortex-M3 r2p0, Little endian.
 
Target info:
------------
Device: MDR32F9Q1I
VTarget = 3.242V
State of Pins: 
TCK: 0, TDI: 1, TDO: 0, TMS: 0, TRES: 1, TRST: 1
Hardware-Breakpoints: 6
Software-Breakpoints: 8192
Watchpoints:          4
JTAG speed: 1000 kHz
 
Full Chip Erase Done.
Programming Done.
Verify OK.
* JLink Info: Found SWD-DP with ID 0x2BA01477
* JLink Info: TPIU fitted.
* JLink Info:   FPUnit: 6 code (BP) slots and 2 literal slots
* JLink Info: Found Cortex-M3 r2p0, Little endian.
Application running ...
Load "C:\\Documents and Settings\\LabUser\\Рабочий стол\\denchik2\\Demo.AXF" 
Set JLink Project File to "C:\Documents and Settings\LabUser\Рабочий стол\denchik2\JLinkSettings.ini"
 
JLink info:
------------
DLL: V4.40c, compiled Jan 24 2012 09:30:33
Firmware: J-Link ARM V7 compiled Jun 20 2012 19:45:53
Hardware: V7.00
Feature(s) : RDI, FlashBP, FlashDL, JFlash, GDBFull 
 
* JLink Info: Found SWD-DP with ID 0x2BA01477
* JLink Info: TPIU fitted.
* JLink Info:   FPUnit: 6 code (BP) slots and 2 literal slots
* JLink Info: Found Cortex-M3 r2p0, Little endian.
ROMTableAddr = 0xE00FF003
* JLink Info: Found SWD-DP with ID 0x2BA01477
* JLink Info: TPIU fitted.
* JLink Info:   FPUnit: 6 code (BP) slots and 2 literal slots
* JLink Info: Found Cortex-M3 r2p0, Little endian.
 
Target info:
------------
Device: MDR32F9Q1I
VTarget = 3.242V
State of Pins: 
TCK: 0, TDI: 1, TDO: 0, TMS: 0, TRES: 1, TRST: 1
Hardware-Breakpoints: 6
Software-Breakpoints: 8192
Watchpoints:          4
JTAG speed: 1000 kHz
 
Full Chip Erase Done.
Programming Done.
Verify OK.
* JLink Info: Found SWD-DP with ID 0x2BA01477
* JLink Info: TPIU fitted.
* JLink Info:   FPUnit: 6 code (BP) slots and 2 literal slots
* JLink Info: Found Cortex-M3 r2p0, Little endian.
Application running ...
Load "C:\\Documents and Settings\\LabUser\\Рабочий стол\\denchik2\\Demo.AXF" 
Set JLink Project File to "C:\Documents and Settings\LabUser\Рабочий стол\denchik2\JLinkSettings.ini"
 
JLink info:
------------
DLL: V4.40c, compiled Jan 24 2012 09:30:33
Firmware: J-Link ARM V7 compiled Jun 20 2012 19:45:53
Hardware: V7.00
Feature(s) : RDI, FlashBP, FlashDL, JFlash, GDBFull 
 
* JLink Info: Found SWD-DP with ID 0x2BA01477
* JLink Info: TPIU fitted.
* JLink Info:   FPUnit: 6 code (BP) slots and 2 literal slots
* JLink Info: Found Cortex-M3 r2p0, Little endian.
ROMTableAddr = 0xE00FF003
* JLink Info: Found SWD-DP with ID 0x2BA01477
* JLink Info: TPIU fitted.
* JLink Info:   FPUnit: 6 code (BP) slots and 2 literal slots
* JLink Info: Found Cortex-M3 r2p0, Little endian.
 
Target info:
------------
Device: MDR32F9Q1I
VTarget = 3.242V
State of Pins: 
TCK: 0, TDI: 1, TDO: 0, TMS: 0, TRES: 1, TRST: 1
Hardware-Breakpoints: 6
Software-Breakpoints: 8192
Watchpoints:          4
JTAG speed: 1000 kHz
 
Full Chip Erase Done.
Programming Done.
Verify OK.
* JLink Info: Found SWD-DP with ID 0x2BA01477
* JLink Info: TPIU fitted.
* JLink Info:   FPUnit: 6 code (BP) slots and 2 literal slots
* JLink Info: Found Cortex-M3 r2p0, Little endian.
Application running ...
Load "C:\\Documents and Settings\\LabUser\\Рабочий стол\\denchik2\\Demo.AXF" 
Set JLink Project File to "C:\Documents and Settings\LabUser\Рабочий стол\denchik2\JLinkSettings.ini"
 
JLink info:
------------
DLL: V4.40c, compiled Jan 24 2012 09:30:33
Firmware: J-Link ARM V7 compiled Jun 20 2012 19:45:53
Hardware: V7.00
Feature(s) : RDI, FlashBP, FlashDL, JFlash, GDBFull 
 
* JLink Info: Found SWD-DP with ID 0x2BA01477
* JLink Info: TPIU fitted.
* JLink Info:   FPUnit: 6 code (BP) slots and 2 literal slots
* JLink Info: Found Cortex-M3 r2p0, Little endian.
ROMTableAddr = 0xE00FF003
* JLink Info: Found SWD-DP with ID 0x2BA01477
* JLink Info: TPIU fitted.
* JLink Info:   FPUnit: 6 code (BP) slots and 2 literal slots
* JLink Info: Found Cortex-M3 r2p0, Little endian.
 
Target info:
------------
Device: MDR32F9Q1I
VTarget = 3.242V
State of Pins: 
TCK: 0, TDI: 1, TDO: 0, TMS: 0, TRES: 1, TRST: 1
Hardware-Breakpoints: 6
Software-Breakpoints: 8192
Watchpoints:          4
JTAG speed: 1000 kHz
 
Full Chip Erase Done.
Programming Done.
Verify OK.
* JLink Info: Found SWD-DP with ID 0x2BA01477
* JLink Info: TPIU fitted.
* JLink Info:   FPUnit: 6 code (BP) slots and 2 literal slots
* JLink Info: Found Cortex-M3 r2p0, Little endian.
Application running ...
Load "C:\\Documents and Settings\\LabUser\\Рабочий стол\\denchik2\\Demo.AXF" 
Set JLink Project File to "C:\Documents and Settings\LabUser\Рабочий стол\denchik2\JLinkSettings.ini"
 
JLink info:
------------
DLL: V4.40c, compiled Jan 24 2012 09:30:33
Firmware: J-Link ARM V7 compiled Jun 20 2012 19:45:53
Hardware: V7.00
Feature(s) : RDI, FlashBP, FlashDL, JFlash, GDBFull 
 
* JLink Info: Found SWD-DP with ID 0x2BA01477
* JLink Info: TPIU fitted.
* JLink Info:   FPUnit: 6 code (BP) slots and 2 literal slots
* JLink Info: Found Cortex-M3 r2p0, Little endian.
ROMTableAddr = 0xE00FF003
* JLink Info: Found SWD-DP with ID 0x2BA01477
* JLink Info: TPIU fitted.
* JLink Info:   FPUnit: 6 code (BP) slots and 2 literal slots
* JLink Info: Found Cortex-M3 r2p0, Little endian.
 
Target info:
------------
Device: MDR32F9Q1I
VTarget = 3.242V
State of Pins: 
TCK: 0, TDI: 1, TDO: 0, TMS: 0, TRES: 1, TRST: 1
Hardware-Breakpoints: 6
Software-Breakpoints: 8192
Watchpoints:          4
JTAG speed: 1000 kHz
 
Full Chip Erase Done.
Programming Done.
Verify OK.
* JLink Info: Found SWD-DP with ID 0x2BA01477
* JLink Info: TPIU fitted.
* JLink Info:   FPUnit: 6 code (BP) slots and 2 literal slots
* JLink Info: Found Cortex-M3 r2p0, Little endian.
Application running ...
Load "C:\\Documents and Settings\\LabUser\\Рабочий стол\\denchik2\\Demo.AXF" 
Set JLink Project File to "C:\Documents and Settings\LabUser\Рабочий стол\denchik2\JLinkSettings.ini"
 
JLink info:
------------
DLL: V4.40c, compiled Jan 24 2012 09:30:33
Firmware: J-Link ARM V7 compiled Jun 20 2012 19:45:53
Hardware: V7.00
Feature(s) : RDI, FlashBP, FlashDL, JFlash, GDBFull 
 
* JLink Info: Found SWD-DP with ID 0x2BA01477
* JLink Info: TPIU fitted.
* JLink Info:   FPUnit: 6 code (BP) slots and 2 literal slots
* JLink Info: Found Cortex-M3 r2p0, Little endian.
ROMTableAddr = 0xE00FF003
* JLink Info: Found SWD-DP with ID 0x2BA01477
* JLink Info: TPIU fitted.
* JLink Info:   FPUnit: 6 code (BP) slots and 2 literal slots
* JLink Info: Found Cortex-M3 r2p0, Little endian.
 
Target info:
------------
Device: MDR32F9Q1I
VTarget = 3.242V
State of Pins: 
TCK: 0, TDI: 1, TDO: 0, TMS: 0, TRES: 1, TRST: 1
Hardware-Breakpoints: 6
Software-Breakpoints: 8192
Watchpoints:          4
JTAG speed: 1000 kHz
 
Full Chip Erase Done.
Programming Done.
Verify OK.
* JLink Info: Found SWD-DP with ID 0x2BA01477
* JLink Info: TPIU fitted.
* JLink Info:   FPUnit: 6 code (BP) slots and 2 literal slots
* JLink Info: Found Cortex-M3 r2p0, Little endian.
Application running ...
Load "C:\\Documents and Settings\\LabUser\\Рабочий стол\\denchik2\\Demo.AXF" 
Set JLink Project File to "C:\Documents and Settings\LabUser\Рабочий стол\denchik2\JLinkSettings.ini"
 
JLink info:
------------
DLL: V4.40c, compiled Jan 24 2012 09:30:33
Firmware: J-Link ARM V7 compiled Jun 20 2012 19:45:53
Hardware: V7.00
Feature(s) : RDI, FlashBP, FlashDL, JFlash, GDBFull 
 
* JLink Info: Found SWD-DP with ID 0x2BA01477
* JLink Info: TPIU fitted.
* JLink Info:   FPUnit: 6 code (BP) slots and 2 literal slots
* JLink Info: Found Cortex-M3 r2p0, Little endian.
ROMTableAddr = 0xE00FF003
* JLink Info: Found SWD-DP with ID 0x2BA01477
* JLink Info: TPIU fitted.
* JLink Info:   FPUnit: 6 code (BP) slots and 2 literal slots
* JLink Info: Found Cortex-M3 r2p0, Little endian.
 
Target info:
------------
Device: MDR32F9Q1I
VTarget = 3.242V
State of Pins: 
TCK: 0, TDI: 1, TDO: 0, TMS: 0, TRES: 1, TRST: 1
Hardware-Breakpoints: 6
Software-Breakpoints: 8192
Watchpoints:          4
JTAG speed: 1000 kHz
 
Full Chip Erase Done.
Programming Done.
Verify OK.
* JLink Info: Found SWD-DP with ID 0x2BA01477
* JLink Info: TPIU fitted.
* JLink Info:   FPUnit: 6 code (BP) slots and 2 literal slots
* JLink Info: Found Cortex-M3 r2p0, Little endian.
Application running ...
Load "C:\\Documents and Settings\\LabUser\\Рабочий стол\\denchik2\\Demo.AXF" 
Set JLink Project File to "C:\Documents and Settings\LabUser\Рабочий стол\denchik2\JLinkSettings.ini"
 
JLink info:
------------
DLL: V4.40c, compiled Jan 24 2012 09:30:33
Firmware: J-Link ARM V7 compiled Jun 20 2012 19:45:53
Hardware: V7.00
Feature(s) : RDI, FlashBP, FlashDL, JFlash, GDBFull 
 
* JLink Info: Found SWD-DP with ID 0x2BA01477
* JLink Info: TPIU fitted.
* JLink Info:   FPUnit: 6 code (BP) slots and 2 literal slots
* JLink Info: Found Cortex-M3 r2p0, Little endian.
ROMTableAddr = 0xE00FF003
* JLink Info: Found SWD-DP with ID 0x2BA01477
* JLink Info: TPIU fitted.
* JLink Info:   FPUnit: 6 code (BP) slots and 2 literal slots
* JLink Info: Found Cortex-M3 r2p0, Little endian.
 
Target info:
------------
Device: MDR32F9Q1I
VTarget = 3.242V
State of Pins: 
TCK: 0, TDI: 1, TDO: 0, TMS: 0, TRES: 1, TRST: 1
Hardware-Breakpoints: 6
Software-Breakpoints: 8192
Watchpoints:          4
JTAG speed: 1000 kHz
 
Full Chip Erase Done.
Programming Done.
Verify OK.
* JLink Info: Found SWD-DP with ID 0x2BA01477
* JLink Info: TPIU fitted.
* JLink Info:   FPUnit: 6 code (BP) slots and 2 literal slots
* JLink Info: Found Cortex-M3 r2p0, Little endian.
Application running ...
Load "C:\\Documents and Settings\\LabUser\\Рабочий стол\\denchik2\\Demo.AXF" 
Set JLink Project File to "C:\Documents and Settings\LabUser\Рабочий стол\denchik2\JLinkSettings.ini"
 
JLink info:
------------
DLL: V4.40c, compiled Jan 24 2012 09:30:33
Firmware: J-Link ARM V7 compiled Jun 20 2012 19:45:53
Hardware: V7.00
Feature(s) : RDI, FlashBP, FlashDL, JFlash, GDBFull 
 
* JLink Info: Found SWD-DP with ID 0x2BA01477
* JLink Info: TPIU fitted.
* JLink Info:   FPUnit: 6 code (BP) slots and 2 literal slots
* JLink Info: Found Cortex-M3 r2p0, Little endian.
ROMTableAddr = 0xE00FF003
* JLink Info: Found SWD-DP with ID 0x2BA01477
* JLink Info: TPIU fitted.
* JLink Info:   FPUnit: 6 code (BP) slots and 2 literal slots
* JLink Info: Found Cortex-M3 r2p0, Little endian.
 
Target info:
------------
Device: MDR32F9Q1I
VTarget = 3.242V
State of Pins: 
TCK: 0, TDI: 1, TDO: 0, TMS: 0, TRES: 1, TRST: 1
Hardware-Breakpoints: 6
Software-Breakpoints: 8192
Watchpoints:          4
JTAG speed: 1000 kHz
 
Full Chip Erase Done.
Programming Done.
Verify OK.
* JLink Info: Found SWD-DP with ID 0x2BA01477
* JLink Info: TPIU fitted.
* JLink Info:   FPUnit: 6 code (BP) slots and 2 literal slots
* JLink Info: Found Cortex-M3 r2p0, Little endian.
Application running ...
Load "C:\\Documents and Settings\\LabUser\\Рабочий стол\\denchik2\\Demo.AXF" 
Set JLink Project File to "C:\Documents and Settings\LabUser\Рабочий стол\denchik2\JLinkSettings.ini"
 
JLink info:
------------
DLL: V4.40c, compiled Jan 24 2012 09:30:33
Firmware: J-Link ARM V7 compiled Jun 20 2012 19:45:53
Hardware: V7.00
Feature(s) : RDI, FlashBP, FlashDL, JFlash, GDBFull 
 
* JLink Info: Found SWD-DP with ID 0x2BA01477
* JLink Info: TPIU fitted.
* JLink Info:   FPUnit: 6 code (BP) slots and 2 literal slots
* JLink Info: Found Cortex-M3 r2p0, Little endian.
ROMTableAddr = 0xE00FF003
* JLink Info: Found SWD-DP with ID 0x2BA01477
* JLink Info: TPIU fitted.
* JLink Info:   FPUnit: 6 code (BP) slots and 2 literal slots
* JLink Info: Found Cortex-M3 r2p0, Little endian.
 
Target info:
------------
Device: MDR32F9Q1I
VTarget = 3.242V
State of Pins: 
TCK: 0, TDI: 1, TDO: 0, TMS: 0, TRES: 1, TRST: 1
Hardware-Breakpoints: 6
Software-Breakpoints: 8192
Watchpoints:          4
JTAG speed: 1000 kHz
 
Full Chip Erase Done.
Programming Done.
Verify OK.
* JLink Info: Found SWD-DP with ID 0x2BA01477
* JLink Info: TPIU fitted.
* JLink Info:   FPUnit: 6 code (BP) slots and 2 literal slots
* JLink Info: Found Cortex-M3 r2p0, Little endian.
Application running ...
Load "C:\\Documents and Settings\\LabUser\\Рабочий стол\\denchik2\\Demo.AXF" 
Set JLink Project File to "C:\Documents and Settings\LabUser\Рабочий стол\denchik2\JLinkSettings.ini"
 
JLink info:
------------
DLL: V4.40c, compiled Jan 24 2012 09:30:33
Firmware: J-Link ARM V7 compiled Jun 20 2012 19:45:53
Hardware: V7.00
Feature(s) : RDI, FlashBP, FlashDL, JFlash, GDBFull 
 
* JLink Info: Found SWD-DP with ID 0x2BA01477
* JLink Info: TPIU fitted.
* JLink Info:   FPUnit: 6 code (BP) slots and 2 literal slots
* JLink Info: Found Cortex-M3 r2p0, Little endian.
ROMTableAddr = 0xE00FF003
* JLink Info: Found SWD-DP with ID 0x2BA01477
* JLink Info: TPIU fitted.
* JLink Info:   FPUnit: 6 code (BP) slots and 2 literal slots
* JLink Info: Found Cortex-M3 r2p0, Little endian.
 
Target info:
------------
Device: MDR32F9Q1I
VTarget = 3.242V
State of Pins: 
TCK: 0, TDI: 1, TDO: 0, TMS: 0, TRES: 1, TRST: 1
Hardware-Breakpoints: 6
Software-Breakpoints: 8192
Watchpoints:          4
JTAG speed: 1000 kHz
 
Full Chip Erase Done.
Programming Done.
Verify OK.
* JLink Info: Found SWD-DP with ID 0x2BA01477
* JLink Info: TPIU fitted.
* JLink Info:   FPUnit: 6 code (BP) slots and 2 literal slots
* JLink Info: Found Cortex-M3 r2p0, Little endian.
Application running ...
Build target 'Target 1'
compiling Main.c...
Main.c(28): error:  #109: expression must have (pointer-to-) function type
Main.c(31): error:  #109: expression must have (pointer-to-) function type
Main.c(55): warning:  #1-D: last line of file ends without a newline
Target not created
Build target 'Target 1'
compiling Main.c...
Main.c(55): warning:  #1-D: last line of file ends without a newline
linking...
Program Size: Code=724 RO-data=208 RW-data=4 ZI-data=2148  
FromELF: creating hex file...
"Demo.axf" - 0 Error(s), 1 Warning(s).
Load "C:\\Documents and Settings\\LabUser\\Рабочий стол\\denchik2\\Demo.AXF" 
Set JLink Project File to "C:\Documents and Settings\LabUser\Рабочий стол\denchik2\JLinkSettings.ini"
 
JLink info:
------------
DLL: V4.40c, compiled Jan 24 2012 09:30:33
Firmware: J-Link ARM V7 compiled Jun 20 2012 19:45:53
Hardware: V7.00
Feature(s) : RDI, FlashBP, FlashDL, JFlash, GDBFull 
 
* JLink Info: Found SWD-DP with ID 0x2BA01477
* JLink Info: TPIU fitted.
* JLink Info:   FPUnit: 6 code (BP) slots and 2 literal slots
* JLink Info: Found Cortex-M3 r2p0, Little endian.
ROMTableAddr = 0xE00FF003
* JLink Info: Found SWD-DP with ID 0x2BA01477
* JLink Info: TPIU fitted.
* JLink Info:   FPUnit: 6 code (BP) slots and 2 literal slots
* JLink Info: Found Cortex-M3 r2p0, Little endian.
 
Target info:
------------
Device: MDR32F9Q1I
VTarget = 3.242V
State of Pins: 
TCK: 0, TDI: 1, TDO: 0, TMS: 0, TRES: 1, TRST: 1
Hardware-Breakpoints: 6
Software-Breakpoints: 8192
Watchpoints:          4
JTAG speed: 1000 kHz
 
Full Chip Erase Done.
Programming Done.
Verify OK.
* JLink Info: Found SWD-DP with ID 0x2BA01477
* JLink Info: TPIU fitted.
* JLink Info:   FPUnit: 6 code (BP) slots and 2 literal slots
* JLink Info: Found Cortex-M3 r2p0, Little endian.
Application running ...
Build target 'Target 1'
compiling Main.c...
Main.c(56): warning:  #1-D: last line of file ends without a newline
linking...
Program Size: Code=748 RO-data=208 RW-data=4 ZI-data=2148  
FromELF: creating hex file...
"Demo.axf" - 0 Error(s), 1 Warning(s).
Load "C:\\Documents and Settings\\LabUser\\Рабочий стол\\denchik2\\Demo.AXF" 
Set JLink Project File to "C:\Documents and Settings\LabUser\Рабочий стол\denchik2\JLinkSettings.ini"
 
JLink info:
------------
DLL: V4.40c, compiled Jan 24 2012 09:30:33
Firmware: J-Link ARM V7 compiled Jun 20 2012 19:45:53
Hardware: V7.00
Feature(s) : RDI, FlashBP, FlashDL, JFlash, GDBFull 
 
* JLink Info: Found SWD-DP with ID 0x2BA01477
* JLink Info: TPIU fitted.
* JLink Info:   FPUnit: 6 code (BP) slots and 2 literal slots
* JLink Info: Found Cortex-M3 r2p0, Little endian.
ROMTableAddr = 0xE00FF003
* JLink Info: Found SWD-DP with ID 0x2BA01477
* JLink Info: TPIU fitted.
* JLink Info:   FPUnit: 6 code (BP) slots and 2 literal slots
* JLink Info: Found Cortex-M3 r2p0, Little endian.
 
Target info:
------------
Device: MDR32F9Q1I
VTarget = 3.242V
State of Pins: 
TCK: 0, TDI: 1, TDO: 0, TMS: 0, TRES: 1, TRST: 1
Hardware-Breakpoints: 6
Software-Breakpoints: 8192
Watchpoints:          4
JTAG speed: 1000 kHz
 
Full Chip Erase Done.
Programming Done.
Verify OK.
* JLink Info: Found SWD-DP with ID 0x2BA01477
* JLink Info: TPIU fitted.
* JLink Info:   FPUnit: 6 code (BP) slots and 2 literal slots
* JLink Info: Found Cortex-M3 r2p0, Little endian.
Application running ...
Build target 'Target 1'
compiling Main.c...
Main.c(55): warning:  #1-D: last line of file ends without a newline
linking...
Program Size: Code=724 RO-data=208 RW-data=4 ZI-data=2148  
FromELF: creating hex file...
"Demo.axf" - 0 Error(s), 1 Warning(s).
Load "C:\\Documents and Settings\\LabUser\\Рабочий стол\\denchik2\\Demo.AXF" 
Set JLink Project File to "C:\Documents and Settings\LabUser\Рабочий стол\denchik2\JLinkSettings.ini"
 
JLink info:
------------
DLL: V4.40c, compiled Jan 24 2012 09:30:33
Firmware: J-Link ARM V7 compiled Jun 20 2012 19:45:53
Hardware: V7.00
Feature(s) : RDI, FlashBP, FlashDL, JFlash, GDBFull 
 
* JLink Info: Found SWD-DP with ID 0x2BA01477
* JLink Info: TPIU fitted.
* JLink Info:   FPUnit: 6 code (BP) slots and 2 literal slots
* JLink Info: Found Cortex-M3 r2p0, Little endian.
ROMTableAddr = 0xE00FF003
* JLink Info: Found SWD-DP with ID 0x2BA01477
* JLink Info: TPIU fitted.
* JLink Info:   FPUnit: 6 code (BP) slots and 2 literal slots
* JLink Info: Found Cortex-M3 r2p0, Little endian.
 
Target info:
------------
Device: MDR32F9Q1I
VTarget = 3.242V
State of Pins: 
TCK: 0, TDI: 1, TDO: 0, TMS: 0, TRES: 1, TRST: 1
Hardware-Breakpoints: 6
Software-Breakpoints: 8192
Watchpoints:          4
JTAG speed: 1000 kHz
 
Full Chip Erase Done.
Programming Done.
Verify OK.
* JLink Info: Found SWD-DP with ID 0x2BA01477
* JLink Info: TPIU fitted.
* JLink Info:   FPUnit: 6 code (BP) slots and 2 literal slots
* JLink Info: Found Cortex-M3 r2p0, Little endian.
Application running ...
Load "C:\\Documents and Settings\\LabUser\\Рабочий стол\\denchik2\\Demo.AXF" 
Set JLink Project File to "C:\Documents and Settings\LabUser\Рабочий стол\denchik2\JLinkSettings.ini"
 
JLink info:
------------
DLL: V4.40c, compiled Jan 24 2012 09:30:33
Firmware: J-Link ARM V7 compiled Jun 20 2012 19:45:53
Hardware: V7.00
Feature(s) : RDI, FlashBP, FlashDL, JFlash, GDBFull 
 
* JLink Info: Found SWD-DP with ID 0x2BA01477
* JLink Info: TPIU fitted.
* JLink Info:   FPUnit: 6 code (BP) slots and 2 literal slots
* JLink Info: Found Cortex-M3 r2p0, Little endian.
ROMTableAddr = 0xE00FF003
* JLink Info: Found SWD-DP with ID 0x2BA01477
* JLink Info: TPIU fitted.
* JLink Info:   FPUnit: 6 code (BP) slots and 2 literal slots
* JLink Info: Found Cortex-M3 r2p0, Little endian.
 
Target info:
------------
Device: MDR32F9Q1I
VTarget = 3.242V
State of Pins: 
TCK: 0, TDI: 1, TDO: 0, TMS: 0, TRES: 1, TRST: 1
Hardware-Breakpoints: 6
Software-Breakpoints: 8192
Watchpoints:          4
JTAG speed: 1000 kHz
 
Full Chip Erase Done.
Programming Done.
Verify OK.
* JLink Info: Found SWD-DP with ID 0x2BA01477
* JLink Info: TPIU fitted.
* JLink Info:   FPUnit: 6 code (BP) slots and 2 literal slots
* JLink Info: Found Cortex-M3 r2p0, Little endian.
Application running ...
